Archive member included because of file (symbol)

c:/program files (x86)/atmel/studio/7.0/toolchain/arm/arm-gnu-toolchain/bin/../lib/gcc/arm-none-eabi/4.9.3/armv7-m\libgcc.a(_arm_addsubdf3.o)
                              src/Platform/Driver/D_SYS/D_SYS.o (__aeabi_i2d)
c:/program files (x86)/atmel/studio/7.0/toolchain/arm/arm-gnu-toolchain/bin/../lib/gcc/arm-none-eabi/4.9.3/armv7-m\libgcc.a(_arm_fixunsdfsi.o)
                              src/Platform/Driver/D_SYS/D_SYS.o (__aeabi_d2uiz)
c:/program files (x86)/atmel/studio/7.0/toolchain/arm/arm-gnu-toolchain/bin/../lib/gcc/arm-none-eabi/4.9.3/../../../../arm-none-eabi/lib/armv7-m\libc.a(lib_a-exit.o)
                              c:/program files (x86)/atmel/studio/7.0/toolchain/arm/arm-gnu-toolchain/bin/../lib/gcc/arm-none-eabi/4.9.3/../../../../arm-none-eabi/lib/armv7-m/crt0.o (exit)
c:/program files (x86)/atmel/studio/7.0/toolchain/arm/arm-gnu-toolchain/bin/../lib/gcc/arm-none-eabi/4.9.3/../../../../arm-none-eabi/lib/armv7-m\libc.a(lib_a-impure.o)
                              c:/program files (x86)/atmel/studio/7.0/toolchain/arm/arm-gnu-toolchain/bin/../lib/gcc/arm-none-eabi/4.9.3/../../../../arm-none-eabi/lib/armv7-m\libc.a(lib_a-exit.o) (_global_impure_ptr)
c:/program files (x86)/atmel/studio/7.0/toolchain/arm/arm-gnu-toolchain/bin/../lib/gcc/arm-none-eabi/4.9.3/../../../../arm-none-eabi/lib/armv7-m\libc.a(lib_a-init.o)
                              c:/program files (x86)/atmel/studio/7.0/toolchain/arm/arm-gnu-toolchain/bin/../lib/gcc/arm-none-eabi/4.9.3/../../../../arm-none-eabi/lib/armv7-m/crt0.o (__libc_init_array)
c:/program files (x86)/atmel/studio/7.0/toolchain/arm/arm-gnu-toolchain/bin/../lib/gcc/arm-none-eabi/4.9.3/../../../../arm-none-eabi/lib/armv7-m\libc.a(lib_a-iprintf.o)
                              src/ASF/sam/drivers/adc/adc.o (iprintf)
c:/program files (x86)/atmel/studio/7.0/toolchain/arm/arm-gnu-toolchain/bin/../lib/gcc/arm-none-eabi/4.9.3/../../../../arm-none-eabi/lib/armv7-m\libc.a(lib_a-memset.o)
                              c:/program files (x86)/atmel/studio/7.0/toolchain/arm/arm-gnu-toolchain/bin/../lib/gcc/arm-none-eabi/4.9.3/../../../../arm-none-eabi/lib/armv7-m/crt0.o (memset)
c:/program files (x86)/atmel/studio/7.0/toolchain/arm/arm-gnu-toolchain/bin/../lib/gcc/arm-none-eabi/4.9.3/../../../../arm-none-eabi/lib/armv7-m\libc.a(lib_a-puts.o)
                              src/ASF/sam/drivers/adc/adc.o (puts)
c:/program files (x86)/atmel/studio/7.0/toolchain/arm/arm-gnu-toolchain/bin/../lib/gcc/arm-none-eabi/4.9.3/../../../../arm-none-eabi/lib/armv7-m\libc.a(lib_a-setbuf.o)
                              src/CPU3.o (setbuf)
c:/program files (x86)/atmel/studio/7.0/toolchain/arm/arm-gnu-toolchain/bin/../lib/gcc/arm-none-eabi/4.9.3/../../../../arm-none-eabi/lib/armv7-m\libc.a(lib_a-setvbuf.o)
                              c:/program files (x86)/atmel/studio/7.0/toolchain/arm/arm-gnu-toolchain/bin/../lib/gcc/arm-none-eabi/4.9.3/../../../../arm-none-eabi/lib/armv7-m\libc.a(lib_a-setbuf.o) (setvbuf)
c:/program files (x86)/atmel/studio/7.0/toolchain/arm/arm-gnu-toolchain/bin/../lib/gcc/arm-none-eabi/4.9.3/../../../../arm-none-eabi/lib/armv7-m\libc.a(lib_a-strlen.o)
                              c:/program files (x86)/atmel/studio/7.0/toolchain/arm/arm-gnu-toolchain/bin/../lib/gcc/arm-none-eabi/4.9.3/../../../../arm-none-eabi/lib/armv7-m\libc.a(lib_a-puts.o) (strlen)
c:/program files (x86)/atmel/studio/7.0/toolchain/arm/arm-gnu-toolchain/bin/../lib/gcc/arm-none-eabi/4.9.3/../../../../arm-none-eabi/lib/armv7-m\libc.a(lib_a-vfiprintf.o)
                              c:/program files (x86)/atmel/studio/7.0/toolchain/arm/arm-gnu-toolchain/bin/../lib/gcc/arm-none-eabi/4.9.3/../../../../arm-none-eabi/lib/armv7-m\libc.a(lib_a-iprintf.o) (_vfiprintf_r)
c:/program files (x86)/atmel/studio/7.0/toolchain/arm/arm-gnu-toolchain/bin/../lib/gcc/arm-none-eabi/4.9.3/../../../../arm-none-eabi/lib/armv7-m\libc.a(lib_a-wsetup.o)
                              c:/program files (x86)/atmel/studio/7.0/toolchain/arm/arm-gnu-toolchain/bin/../lib/gcc/arm-none-eabi/4.9.3/../../../../arm-none-eabi/lib/armv7-m\libc.a(lib_a-vfiprintf.o) (__swsetup_r)
c:/program files (x86)/atmel/studio/7.0/toolchain/arm/arm-gnu-toolchain/bin/../lib/gcc/arm-none-eabi/4.9.3/../../../../arm-none-eabi/lib/armv7-m\libc.a(lib_a-__call_atexit.o)
                              c:/program files (x86)/atmel/studio/7.0/toolchain/arm/arm-gnu-toolchain/bin/../lib/gcc/arm-none-eabi/4.9.3/../../../../arm-none-eabi/lib/armv7-m\libc.a(lib_a-exit.o) (__call_exitprocs)
c:/program files (x86)/atmel/studio/7.0/toolchain/arm/arm-gnu-toolchain/bin/../lib/gcc/arm-none-eabi/4.9.3/../../../../arm-none-eabi/lib/armv7-m\libc.a(lib_a-atexit.o)
                              c:/program files (x86)/atmel/studio/7.0/toolchain/arm/arm-gnu-toolchain/bin/../lib/gcc/arm-none-eabi/4.9.3/../../../../arm-none-eabi/lib/armv7-m\libc.a(lib_a-__call_atexit.o) (atexit)
[...]
Memory Configuration

Name             Origin             Length             Attributes
rom              0x00080000         0x00080000         xr
sram0            0x20000000         0x00010000         xrw
sram1            0x20080000         0x00008000         xrw
ram              0x20070000         0x00018000         xrw
*default*        0x00000000         0xffffffff

Linker script and memory map

LOAD c:/program files (x86)/atmel/studio/7.0/toolchain/arm/arm-gnu-toolchain/bin/../lib/gcc/arm-none-eabi/4.9.3/armv7-m/crti.o
LOAD c:/program files (x86)/atmel/studio/7.0/toolchain/arm/arm-gnu-toolchain/bin/../lib/gcc/arm-none-eabi/4.9.3/armv7-m/crtbegin.o
LOAD c:/program files (x86)/atmel/studio/7.0/toolchain/arm/arm-gnu-toolchain/bin/../lib/gcc/arm-none-eabi/4.9.3/../../../../arm-none-eabi/lib/armv7-m/crt0.o
LOAD src/Platform/Driver/ADC/D_ADC.o
LOAD src/Platform/Driver/CLOCK/D_CLOCK.o
LOAD src/Platform/Driver/DD_CAN/D_CAN.o
LOAD src/Platform/Driver/D_SYS/D_SYS.o
LOAD src/Platform/Driver/GPIO/D_GPIO.o
LOAD src/Platform/Driver/HANDLER/D_HANDLER.o
LOAD src/Platform/Driver/IIC/D_IIC.o
LOAD src/Platform/Driver/INT/D_INT.o
LOAD src/Platform/Driver/PWM/D_PWM.o
LOAD src/Platform/Driver/TIMER/D_TIMER.o
LOAD src/Platform/Service/CNTRL/S_CNTRL.o
LOAD src/Platform/Service/console/console_callback.o
LOAD src/Platform/Service/STATUS/S_STUS.o
LOAD src/Platform/Service/SYS/S_SYS.o
LOAD src/Platform/Service/TIMER/S_TIMER.o
LOAD src/ASF/common/services/serial/usart_serial.o
LOAD src/ASF/common/utils/stdio/read.o
LOAD src/ASF/common/utils/stdio/write.o
LOAD src/ASF/sam/drivers/adc/adc.o
LOAD src/ASF/sam/drivers/adc/adc_sam3u.o
LOAD src/ASF/sam/drivers/pwm/pwm.o
LOAD src/ASF/sam/drivers/tc/tc.o
LOAD src/ASF/sam/drivers/twi/twi.o
LOAD src/ASF/sam/drivers/uart/uart.o
LOAD src/ASF/sam/drivers/usart/usart.o
LOAD src/CPU3.o
LOAD src/ASF/common/services/clock/sam3x/sysclk.o
LOAD src/ASF/common/utils/interrupt/interrupt_sam_nvic.o
LOAD src/ASF/sam/boards/arduino_due_x/init.o
LOAD src/ASF/sam/drivers/pio/pio.o
LOAD src/ASF/sam/drivers/pio/pio_handler.o
LOAD src/ASF/sam/drivers/pmc/pmc.o
LOAD src/ASF/sam/drivers/pmc/sleep.o
LOAD src/ASF/sam/utils/cmsis/sam3x/source/templates/exceptions.o
LOAD src/ASF/sam/utils/cmsis/sam3x/source/templates/gcc/startup_sam3x.o
LOAD src/ASF/sam/utils/cmsis/sam3x/source/templates/system_sam3x.o
LOAD src/ASF/sam/utils/syscalls/gcc/syscalls.o
START GROUP
LOAD ../src/ASF/thirdparty/CMSIS/Lib/GCC\libarm_cortexM3l_math.a
LOAD c:/program files (x86)/atmel/studio/7.0/toolchain/arm/arm-gnu-toolchain/bin/../lib/gcc/arm-none-eabi/4.9.3/../../../../arm-none-eabi/lib/armv7-m\libm.a
END GROUP
START GROUP
LOAD c:/program files (x86)/atmel/studio/7.0/toolchain/arm/arm-gnu-toolchain/bin/../lib/gcc/arm-none-eabi/4.9.3/armv7-m\libgcc.a
LOAD c:/program files (x86)/atmel/studio/7.0/toolchain/arm/arm-gnu-toolchain/bin/../lib/gcc/arm-none-eabi/4.9.3/../../../../arm-none-eabi/lib/armv7-m\libc.a
END GROUP
LOAD c:/program files (x86)/atmel/studio/7.0/toolchain/arm/arm-gnu-toolchain/bin/../lib/gcc/arm-none-eabi/4.9.3/armv7-m/crtend.o
LOAD c:/program files (x86)/atmel/studio/7.0/toolchain/arm/arm-gnu-toolchain/bin/../lib/gcc/arm-none-eabi/4.9.3/armv7-m/crtn.o
                0x00002000                __stack_size__ = DEFINED (__stack_size__)?__stack_size__:0x2000

.text           0x00080000     0x6ad4
                0x00080000                . = ALIGN (0x4)
                0x00080000                _sfixed = .
 *(.vectors .vectors.*)
 .vectors       0x00080000       0xf4 src/ASF/sam/utils/cmsis/sam3x/source/templates/gcc/startup_sam3x.o
                0x00080000                exception_table
 *(.text .text.* .gnu.linkonce.t.*)
 .text          0x000800f4       0x5c c:/program files (x86)/atmel/studio/7.0/toolchain/arm/arm-gnu-toolchain/bin/../lib/gcc/arm-none-eabi/4.9.3/armv7-m/crtbegin.o
 .text.CPU3_D_INIT_CLOCK
                0x00080150       0x34 src/Platform/Driver/CLOCK/D_CLOCK.o
                0x00080150                CPU3_D_INIT_CLOCK
 .text.NVIC_EnableIRQ
                0x00080184       0x30 src/Platform/Driver/DD_CAN/D_CAN.o
 .text.CAN0_Handler
                0x000801b4       0x60 src/Platform/Driver/DD_CAN/D_CAN.o
                0x000801b4                CAN0_Handler
 .text.dd_can_extract_mailbox_data
                0x00080214      0x224 src/Platform/Driver/DD_CAN/D_CAN.o
 .text.dd_can_mailbox_read
                0x00080438       0xd0 src/Platform/Driver/DD_CAN/D_CAN.o
 .text.dd_can_mailbox_conf
                0x00080508       0xec src/Platform/Driver/DD_CAN/D_CAN.o
                0x00080508                dd_can_mailbox_conf
 .text.DD_INIT_CAN
                0x000805f4      0x154 src/Platform/Driver/DD_CAN/D_CAN.o
                0x000805f4                DD_INIT_CAN
 .text.CPU3_D_SET_PUMP
                0x00080748       0x74 src/Platform/Driver/D_SYS/D_SYS.o
                0x00080748                CPU3_D_SET_PUMP
 .text.CPU3_D_CONFIG_TIMER
                0x000807bc       0xb4 src/Platform/Driver/D_SYS/D_SYS.o
                0x000807bc                CPU3_D_CONFIG_TIMER
 .text.CPU3_D_STOP_TIMER
                0x00080870       0x78 src/Platform/Driver/D_SYS/D_SYS.o
                0x00080870                CPU3_D_STOP_TIMER
 .text.CPU3_D_INIT_PIO
                0x000808e8      0x138 src/Platform/Driver/GPIO/D_GPIO.o
                0x000808e8                CPU3_D_INIT_PIO
 .text.NVIC_ClearPendingIRQ
                0x00080a20       0x34 src/Platform/Driver/HANDLER/D_HANDLER.o
 .text.TC0_Handler
                0x00080a54       0xd8 src/Platform/Driver/HANDLER/D_HANDLER.o
                0x00080a54                TC0_Handler
 .text.TC1_Handler
                0x00080b2c       0xd8 src/Platform/Driver/HANDLER/D_HANDLER.o
                0x00080b2c                TC1_Handler
 .text.TC2_Handler
                0x00080c04       0x34 src/Platform/Driver/HANDLER/D_HANDLER.o
                0x00080c04                TC2_Handler
 .text.TC3_Handler
                0x00080c38       0x18 src/Platform/Driver/HANDLER/D_HANDLER.o
                0x00080c38                TC3_Handler
 .text.TC4_Handler
                0x00080c50       0x20 src/Platform/Driver/HANDLER/D_HANDLER.o
                0x00080c50                TC4_Handler
 .text.TC6_Handler
                0x00080c70       0xd0 src/Platform/Driver/HANDLER/D_HANDLER.o
                0x00080c70                TC6_Handler
 .text.NVIC_EnableIRQ
                0x00080d40       0x30 src/Platform/Driver/INT/D_INT.o
 .text.NVIC_DisableIRQ
                0x00080d70       0x34 src/Platform/Driver/INT/D_INT.o
 .text.NVIC_ClearPendingIRQ
                0x00080da4       0x34 src/Platform/Driver/INT/D_INT.o
 .text.NVIC_SetPriority
                0x00080dd8       0x54 src/Platform/Driver/INT/D_INT.o
 .text.CPU3_D_INIT_INT
                0x00080e2c       0xe4 src/Platform/Driver/INT/D_INT.o
                0x00080e2c                CPU3_D_INIT_INT
 .text.CPU3_D_INIT_PWM
                0x00080f10       0x64 src/Platform/Driver/PWM/D_PWM.o
                0x00080f10                CPU3_D_INIT_PWM
 .text.CPU3_D_INIT_TIMER
                0x00080f74       0x98 src/Platform/Driver/TIMER/D_TIMER.o
                0x00080f74                CPU3_D_INIT_TIMER
 .text.CPU3_D_MAIN_TIMER
                0x0008100c       0x5c src/Platform/Driver/TIMER/D_TIMER.o
                0x0008100c                CPU3_D_MAIN_TIMER
 .text.acid_startTimer1
                0x00081068       0x70 src/Platform/Driver/TIMER/D_TIMER.o
                0x00081068                acid_startTimer1
 .text.bicar_startTimer1
                0x000810d8       0x70 src/Platform/Driver/TIMER/D_TIMER.o
                0x000810d8                bicar_startTimer1
 .text.startTimerSec
                0x00081148       0x70 src/Platform/Driver/TIMER/D_TIMER.o
                0x00081148                startTimerSec
 .text.startTimer1
                0x000811b8       0x70 src/Platform/Driver/TIMER/D_TIMER.o
                0x000811b8                startTimer1
 .text.cpu3_sv_cntrl_activatepump
                0x00081228       0x20 src/Platform/Service/CNTRL/S_CNTRL.o
                0x00081228                cpu3_sv_cntrl_activatepump
 .text.CPU3_S_SYSTEM_INIT
                0x00081248       0x44 src/Platform/Service/SYS/S_SYS.o
                0x00081248                CPU3_S_SYSTEM_INIT
 .text.CPU3_S_START_TIMER
                0x0008128c       0x28 src/Platform/Service/TIMER/S_TIMER.o
                0x0008128c                CPU3_S_START_TIMER
 .text.CPU3_S_STOP_TIMER
                0x000812b4       0x20 src/Platform/Service/TIMER/S_TIMER.o
                0x000812b4                CPU3_S_STOP_TIMER
 .text._read    0x000812d4       0x58 src/ASF/common/utils/stdio/read.o
                0x000812d4                _read
 .text._write   0x0008132c       0x70 src/ASF/common/utils/stdio/write.o
                0x0008132c                _write
 .text.tc_init  0x0008139c       0x38 src/ASF/sam/drivers/tc/tc.o
                0x0008139c                tc_init
 .text.tc_start
                0x000813d4       0x20 src/ASF/sam/drivers/tc/tc.o
                0x000813d4                tc_start
 .text.tc_stop  0x000813f4       0x20 src/ASF/sam/drivers/tc/tc.o
                0x000813f4                tc_stop
 .text.tc_write_rc
                0x00081414       0x24 src/ASF/sam/drivers/tc/tc.o
                0x00081414                tc_write_rc
 .text.tc_enable_interrupt
                0x00081438       0x28 src/ASF/sam/drivers/tc/tc.o
                0x00081438                tc_enable_interrupt
 .text.tc_get_status
                0x00081460       0x24 src/ASF/sam/drivers/tc/tc.o
                0x00081460                tc_get_status
 .text.uart_init
                0x00081484       0x64 src/ASF/sam/drivers/uart/uart.o
                0x00081484                uart_init
 .text.uart_enable_tx
                0x000814e8       0x18 src/ASF/sam/drivers/uart/uart.o
                0x000814e8                uart_enable_tx
 .text.uart_enable_rx
                0x00081500       0x18 src/ASF/sam/drivers/uart/uart.o
                0x00081500                uart_enable_rx
 .text.uart_enable
                0x00081518       0x18 src/ASF/sam/drivers/uart/uart.o
                0x00081518                uart_enable
 .text.uart_enable_interrupt
                0x00081530       0x1c src/ASF/sam/drivers/uart/uart.o
                0x00081530                uart_enable_interrupt
 .text.uart_write
                0x0008154c       0x30 src/ASF/sam/drivers/uart/uart.o
                0x0008154c                uart_write
 .text.uart_read
                0x0008157c       0x34 src/ASF/sam/drivers/uart/uart.o
                0x0008157c                uart_read
 .text.usart_set_async_baudrate
                0x000815b0       0x8c src/ASF/sam/drivers/usart/usart.o
 .text.usart_reset
                0x0008163c       0x54 src/ASF/sam/drivers/usart/usart.o
                0x0008163c                usart_reset
 .text.usart_init_rs232
                0x00081690       0x84 src/ASF/sam/drivers/usart/usart.o
                0x00081690                usart_init_rs232
 .text.usart_enable_tx
                0x00081714       0x18 src/ASF/sam/drivers/usart/usart.o
                0x00081714                usart_enable_tx
 .text.usart_reset_tx
                0x0008172c       0x18 src/ASF/sam/drivers/usart/usart.o
                0x0008172c                usart_reset_tx
 .text.usart_enable_rx
                0x00081744       0x18 src/ASF/sam/drivers/usart/usart.o
                0x00081744                usart_enable_rx
 .text.usart_reset_rx
                0x0008175c       0x18 src/ASF/sam/drivers/usart/usart.o
                0x0008175c                usart_reset_rx
 .text.usart_reset_status
                0x00081774       0x1c src/ASF/sam/drivers/usart/usart.o
                0x00081774                usart_reset_status
 .text.usart_drive_RTS_pin_high
                0x00081790       0x1c src/ASF/sam/drivers/usart/usart.o
                0x00081790                usart_drive_RTS_pin_high
 .text.usart_write
                0x000817ac       0x34 src/ASF/sam/drivers/usart/usart.o
                0x000817ac                usart_write
 .text.usart_read
                0x000817e0       0x34 src/ASF/sam/drivers/usart/usart.o
                0x000817e0                usart_read
 .text.usart_disable_writeprotect
                0x00081814       0x20 src/ASF/sam/drivers/usart/usart.o
                0x00081814                usart_disable_writeprotect
 .text.NVIC_EnableIRQ
                0x00081834       0x30 src/CPU3.o
 .text.NVIC_DisableIRQ
                0x00081864       0x34 src/CPU3.o
 .text.NVIC_ClearPendingIRQ
                0x00081898       0x34 src/CPU3.o
 .text.NVIC_SetPriority
                0x000818cc       0x54 src/CPU3.o
 .text.osc_get_rate
                0x00081920       0x74 src/CPU3.o
 .text.sysclk_get_main_hz
                0x00081994       0x1c src/CPU3.o
 .text.sysclk_get_peripheral_hz
                0x000819b0       0x14 src/CPU3.o
 .text.sysclk_enable_peripheral_clock
                0x000819c4       0x18 src/CPU3.o
 .text.usart_serial_init
                0x000819dc      0x138 src/CPU3.o
 .text.usart_serial_putchar
                0x00081b14       0xc8 src/CPU3.o
 .text.usart_serial_getchar
                0x00081bdc       0xd8 src/CPU3.o
 .text.stdio_serial_init
                0x00081cb4       0x68 src/CPU3.o
 .text.UART_Handler
                0x00081d1c       0xd0 src/CPU3.o
                0x00081d1c                UART_Handler
 .text.main     0x00081dec      0x788 src/CPU3.o
                0x00081dec                main
 .text.start_acidpump
                0x00082574       0xac src/CPU3.o
                0x00082574                start_acidpump
 .text.start_bicarpump
                0x00082620       0x9c src/CPU3.o
                0x00082620                start_bicarpump
 .text.stop_pump
                0x000826bc       0x24 src/CPU3.o
                0x000826bc                stop_pump
 .text.osc_enable
                0x000826e0       0x84 src/ASF/common/services/clock/sam3x/sysclk.o
 .text.osc_is_ready
                0x00082764       0x70 src/ASF/common/services/clock/sam3x/sysclk.o
 .text.osc_get_rate
                0x000827d4       0x74 src/ASF/common/services/clock/sam3x/sysclk.o
 .text.osc_wait_ready
                0x00082848       0x2c src/ASF/common/services/clock/sam3x/sysclk.o
 .text.pll_config_init
                0x00082874       0x68 src/ASF/common/services/clock/sam3x/sysclk.o
 .text.pll_enable
                0x000828dc       0x3c src/ASF/common/services/clock/sam3x/sysclk.o
 .text.pll_is_locked
                0x00082918       0x2c src/ASF/common/services/clock/sam3x/sysclk.o
 .text.pll_enable_source
                0x00082944       0x34 src/ASF/common/services/clock/sam3x/sysclk.o
 .text.pll_wait_for_lock
                0x00082978       0x24 src/ASF/common/services/clock/sam3x/sysclk.o
 .text.sysclk_get_main_hz
                0x0008299c       0x1c src/ASF/common/services/clock/sam3x/sysclk.o
 .text.sysclk_get_cpu_hz
                0x000829b8       0x14 src/ASF/common/services/clock/sam3x/sysclk.o
 .text.sysclk_init
                0x000829cc       0x68 src/ASF/common/services/clock/sam3x/sysclk.o
                0x000829cc                sysclk_init
 .text.sysclk_enable_peripheral_clock
                0x00082a34       0x18 src/ASF/sam/boards/arduino_due_x/init.o
 .text.ioport_init
                0x00082a4c       0x24 src/ASF/sam/boards/arduino_due_x/init.o
 .text.board_init
                0x00082a70       0x80 src/ASF/sam/boards/arduino_due_x/init.o
                0x00082a70                board_init
 .text.pio_pull_up
                0x00082af0       0x2c src/ASF/sam/drivers/pio/pio.o
                0x00082af0                pio_pull_up
 .text.pio_set_peripheral
                0x00082b1c       0x80 src/ASF/sam/drivers/pio/pio.o
                0x00082b1c                pio_set_peripheral
 .text.pio_set_input
                0x00082b9c       0x7c src/ASF/sam/drivers/pio/pio.o
                0x00082b9c                pio_set_input
 .text.pio_set_output
                0x00082c18       0x64 src/ASF/sam/drivers/pio/pio.o
                0x00082c18                pio_set_output
 .text.pio_disable_interrupt
                0x00082c7c       0x1c src/ASF/sam/drivers/pio/pio.o
                0x00082c7c                pio_disable_interrupt
 .text.pio_get_interrupt_status
                0x00082c98       0x18 src/ASF/sam/drivers/pio/pio.o
                0x00082c98                pio_get_interrupt_status
 .text.pio_get_interrupt_mask
                0x00082cb0       0x18 src/ASF/sam/drivers/pio/pio.o
                0x00082cb0                pio_get_interrupt_mask
 .text.pio_configure_pin
                0x00082cc8      0x140 src/ASF/sam/drivers/pio/pio.o
                0x00082cc8                pio_configure_pin
 .text.pio_configure_pin_group
                0x00082e08       0xe4 src/ASF/sam/drivers/pio/pio.o
                0x00082e08                pio_configure_pin_group
 .text.pio_handler_process
                0x00082eec       0xa4 src/ASF/sam/drivers/pio/pio_handler.o
                0x00082eec                pio_handler_process
 .text.PIOA_Handler
                0x00082f90       0x18 src/ASF/sam/drivers/pio/pio_handler.o
                0x00082f90                PIOA_Handler
 .text.PIOB_Handler
                0x00082fa8       0x18 src/ASF/sam/drivers/pio/pio_handler.o
                0x00082fa8                PIOB_Handler
 .text.PIOC_Handler
                0x00082fc0       0x18 src/ASF/sam/drivers/pio/pio_handler.o
                0x00082fc0                PIOC_Handler
 .text.PIOD_Handler
                0x00082fd8       0x18 src/ASF/sam/drivers/pio/pio_handler.o
                0x00082fd8                PIOD_Handler
 .text.pmc_switch_mck_to_pllack
                0x00082ff0       0x84 src/ASF/sam/drivers/pmc/pmc.o
                0x00082ff0                pmc_switch_mck_to_pllack
 .text.pmc_switch_sclk_to_32kxtal
                0x00083074       0x38 src/ASF/sam/drivers/pmc/pmc.o
                0x00083074                pmc_switch_sclk_to_32kxtal
 .text.pmc_osc_is_ready_32kxtal
                0x000830ac       0x34 src/ASF/sam/drivers/pmc/pmc.o
                0x000830ac                pmc_osc_is_ready_32kxtal
 .text.pmc_switch_mainck_to_fastrc
                0x000830e0       0xa0 src/ASF/sam/drivers/pmc/pmc.o
                0x000830e0                pmc_switch_mainck_to_fastrc
 .text.pmc_switch_mainck_to_xtal
                0x00083180       0x78 src/ASF/sam/drivers/pmc/pmc.o
                0x00083180                pmc_switch_mainck_to_xtal
 .text.pmc_osc_is_ready_mainck
                0x000831f8       0x1c src/ASF/sam/drivers/pmc/pmc.o
                0x000831f8                pmc_osc_is_ready_mainck
 .text.pmc_disable_pllack
                0x00083214       0x18 src/ASF/sam/drivers/pmc/pmc.o
                0x00083214                pmc_disable_pllack
 .text.pmc_is_locked_pllack
                0x0008322c       0x1c src/ASF/sam/drivers/pmc/pmc.o
                0x0008322c                pmc_is_locked_pllack
 .text.pmc_is_locked_upll
                0x00083248       0x1c src/ASF/sam/drivers/pmc/pmc.o
                0x00083248                pmc_is_locked_upll
 .text.pmc_enable_periph_clk
                0x00083264       0x84 src/ASF/sam/drivers/pmc/pmc.o
                0x00083264                pmc_enable_periph_clk
 .text.pmc_set_writeprotect
                0x000832e8       0x38 src/ASF/sam/drivers/pmc/pmc.o
                0x000832e8                pmc_set_writeprotect
 .text.Dummy_Handler
                0x00083320        0x8 src/ASF/sam/utils/cmsis/sam3x/source/templates/exceptions.o
                0x00083320                DACC_Handler
                0x00083320                DebugMon_Handler
                0x00083320                DMAC_Handler
                0x00083320                TRNG_Handler
                0x00083320                HardFault_Handler
                0x00083320                SysTick_Handler
                0x00083320                USART3_Handler
                0x00083320                TWI1_Handler
                0x00083320                PendSV_Handler
                0x00083320                NMI_Handler
                0x00083320                TC7_Handler
                0x00083320                ADC_Handler
                0x00083320                SMC_Handler
                0x00083320                USART0_Handler
                0x00083320                RTT_Handler
                0x00083320                EFC1_Handler
                0x00083320                RTC_Handler
                0x00083320                UsageFault_Handler
                0x00083320                WDT_Handler
                0x00083320                HSMCI_Handler
                0x00083320                Dummy_Handler
                0x00083320                TWI0_Handler
                0x00083320                USART1_Handler
                0x00083320                SSC_Handler
                0x00083320                EFC0_Handler
                0x00083320                PMC_Handler
                0x00083320                PWM_Handler
                0x00083320                CAN1_Handler
                0x00083320                MemManage_Handler
                0x00083320                SUPC_Handler
                0x00083320                SVC_Handler
                0x00083320                TC8_Handler
                0x00083320                USART2_Handler
                0x00083320                EMAC_Handler
                0x00083320                BusFault_Handler
                0x00083320                RSTC_Handler
                0x00083320                TC5_Handler
                0x00083320                UOTGHS_Handler
                0x00083320                SPI0_Handler
 .text.Reset_Handler
                0x00083328       0xa8 src/ASF/sam/utils/cmsis/sam3x/source/templates/gcc/startup_sam3x.o
                0x00083328                Reset_Handler
 .text.SystemCoreClockUpdate
                0x000833d0      0x180 src/ASF/sam/utils/cmsis/sam3x/source/templates/system_sam3x.o
                0x000833d0                SystemCoreClockUpdate
 .text.system_init_flash
                0x00083550       0xbc src/ASF/sam/utils/cmsis/sam3x/source/templates/system_sam3x.o
                0x00083550                system_init_flash
 .text._sbrk    0x0008360c       0x40 src/ASF/sam/utils/syscalls/gcc/syscalls.o
                0x0008360c                _sbrk
 .text._close   0x0008364c       0x18 src/ASF/sam/utils/syscalls/gcc/syscalls.o
                0x0008364c                _close
 .text._fstat   0x00083664       0x20 src/ASF/sam/utils/syscalls/gcc/syscalls.o
                0x00083664                _fstat
 .text._isatty  0x00083684       0x18 src/ASF/sam/utils/syscalls/gcc/syscalls.o
                0x00083684                _isatty
 .text._lseek   0x0008369c       0x1c src/ASF/sam/utils/syscalls/gcc/syscalls.o
                0x0008369c                _lseek
 .text          0x000836b8      0x370 c:/program files (x86)/atmel/studio/7.0/toolchain/arm/arm-gnu-toolchain/bin/../lib/gcc/arm-none-eabi/4.9.3/armv7-m\libgcc.a(_arm_addsubdf3.o)
                0x000836b8                __aeabi_drsub
                0x000836c0                __aeabi_dsub
                0x000836c0                __subdf3
                0x000836c4                __aeabi_dadd
                0x000836c4                __adddf3
                0x0008393c                __floatunsidf
                0x0008393c                __aeabi_ui2d
                0x0008395c                __floatsidf
                0x0008395c                __aeabi_i2d
                0x00083980                __aeabi_f2d
                0x00083980                __extendsfdf2
                0x000839bc                __floatundidf
                0x000839bc                __aeabi_ul2d
                0x000839cc                __floatdidf
                0x000839cc                __aeabi_l2d
 .text          0x00083a28       0x40 c:/program files (x86)/atmel/studio/7.0/toolchain/arm/arm-gnu-toolchain/bin/../lib/gcc/arm-none-eabi/4.9.3/armv7-m\libgcc.a(_arm_fixunsdfsi.o)
                0x00083a28                __aeabi_d2uiz
                0x00083a28                __fixunsdfsi
 .text.__libc_init_array
                0x00083a68       0x50 c:/program files (x86)/atmel/studio/7.0/toolchain/arm/arm-gnu-toolchain/bin/../lib/gcc/arm-none-eabi/4.9.3/../../../../arm-none-eabi/lib/armv7-m\libc.a(lib_a-init.o)
                0x00083a68                __libc_init_array
 .text.iprintf  0x00083ab8       0x28 c:/program files (x86)/atmel/studio/7.0/toolchain/arm/arm-gnu-toolchain/bin/../lib/gcc/arm-none-eabi/4.9.3/../../../../arm-none-eabi/lib/armv7-m\libc.a(lib_a-iprintf.o)
                0x00083ab8                iprintf
 .text.memset   0x00083ae0       0x9c c:/program files (x86)/atmel/studio/7.0/toolchain/arm/arm-gnu-toolchain/bin/../lib/gcc/arm-none-eabi/4.9.3/../../../../arm-none-eabi/lib/armv7-m\libc.a(lib_a-memset.o)
                0x00083ae0                memset
 .text.setbuf   0x00083b7c       0x10 c:/program files (x86)/atmel/studio/7.0/toolchain/arm/arm-gnu-toolchain/bin/../lib/gcc/arm-none-eabi/4.9.3/../../../../arm-none-eabi/lib/armv7-m\libc.a(lib_a-setbuf.o)
                0x00083b7c                setbuf
 .text.setvbuf  0x00083b8c       0xf8 c:/program files (x86)/atmel/studio/7.0/toolchain/arm/arm-gnu-toolchain/bin/../lib/gcc/arm-none-eabi/4.9.3/../../../../arm-none-eabi/lib/armv7-m\libc.a(lib_a-setvbuf.o)
                0x00083b8c                setvbuf
 .text.strlen   0x00083c84       0x5c c:/program files (x86)/atmel/studio/7.0/toolchain/arm/arm-gnu-toolchain/bin/../lib/gcc/arm-none-eabi/4.9.3/../../../../arm-none-eabi/lib/armv7-m\libc.a(lib_a-strlen.o)
                0x00083c84                strlen
 .text.__sprint_r.part.0
                0x00083ce0       0x78 c:/program files (x86)/atmel/studio/7.0/toolchain/arm/arm-gnu-toolchain/bin/../lib/gcc/arm-none-eabi/4.9.3/../../../../arm-none-eabi/lib/armv7-m\libc.a(lib_a-vfiprintf.o)
 .text._vfiprintf_r
                0x00083d58      0xc10 c:/program files (x86)/atmel/studio/7.0/toolchain/arm/arm-gnu-toolchain/bin/../lib/gcc/arm-none-eabi/4.9.3/../../../../arm-none-eabi/lib/armv7-m\libc.a(lib_a-vfiprintf.o)
                0x00083d58                _vfiprintf_r
 .text.__sbprintf
                0x00084968       0x7c c:/program files (x86)/atmel/studio/7.0/toolchain/arm/arm-gnu-toolchain/bin/../lib/gcc/arm-none-eabi/4.9.3/../../../../arm-none-eabi/lib/armv7-m\libc.a(lib_a-vfiprintf.o)
 .text.__swsetup_r
                0x000849e4       0xc4 c:/program files (x86)/atmel/studio/7.0/toolchain/arm/arm-gnu-toolchain/bin/../lib/gcc/arm-none-eabi/4.9.3/../../../../arm-none-eabi/lib/armv7-m\libc.a(lib_a-wsetup.o)
                0x000849e4                __swsetup_r
 .text.startup.register_fini
                0x00084aa8       0x14 c:/program files (x86)/atmel/studio/7.0/toolchain/arm/arm-gnu-toolchain/bin/../lib/gcc/arm-none-eabi/4.9.3/../../../../arm-none-eabi/lib/armv7-m\libc.a(lib_a-__call_atexit.o)
 .text.atexit   0x00084abc        0xc c:/program files (x86)/atmel/studio/7.0/toolchain/arm/arm-gnu-toolchain/bin/../lib/gcc/arm-none-eabi/4.9.3/../../../../arm-none-eabi/lib/armv7-m\libc.a(lib_a-atexit.o)
                0x00084abc                atexit
 .text.__sflush_r
                0x00084ac8      0x148 c:/program files (x86)/atmel/studio/7.0/toolchain/arm/arm-gnu-toolchain/bin/../lib/gcc/arm-none-eabi/4.9.3/../../../../arm-none-eabi/lib/armv7-m\libc.a(lib_a-fflush.o)
                0x00084ac8                __sflush_r
 .text._fflush_r
                0x00084c10       0x2c c:/program files (x86)/atmel/studio/7.0/toolchain/arm/arm-gnu-toolchain/bin/../lib/gcc/arm-none-eabi/4.9.3/../../../../arm-none-eabi/lib/armv7-m\libc.a(lib_a-fflush.o)
                0x00084c10                _fflush_r
 .text._cleanup_r
                0x00084c3c        0xc c:/program files (x86)/atmel/studio/7.0/toolchain/arm/arm-gnu-toolchain/bin/../lib/gcc/arm-none-eabi/4.9.3/../../../../arm-none-eabi/lib/armv7-m\libc.a(lib_a-findfp.o)
                0x00084c3c                _cleanup_r
 .text.__sinit.part.1
                0x00084c48       0xf0 c:/program files (x86)/atmel/studio/7.0/toolchain/arm/arm-gnu-toolchain/bin/../lib/gcc/arm-none-eabi/4.9.3/../../../../arm-none-eabi/lib/armv7-m\libc.a(lib_a-findfp.o)
 .text.__sinit  0x00084d38        0xc c:/program files (x86)/atmel/studio/7.0/toolchain/arm/arm-gnu-toolchain/bin/../lib/gcc/arm-none-eabi/4.9.3/../../../../arm-none-eabi/lib/armv7-m\libc.a(lib_a-findfp.o)
                0x00084d38                __sinit
 .text.__sfp_lock_acquire
                0x00084d44        0x4 c:/program files (x86)/atmel/studio/7.0/toolchain/arm/arm-gnu-toolchain/bin/../lib/gcc/arm-none-eabi/4.9.3/../../../../arm-none-eabi/lib/armv7-m\libc.a(lib_a-findfp.o)
                0x00084d44                __sfp_lock_acquire
 .text.__sfp_lock_release
                0x00084d48        0x4 c:/program files (x86)/atmel/studio/7.0/toolchain/arm/arm-gnu-toolchain/bin/../lib/gcc/arm-none-eabi/4.9.3/../../../../arm-none-eabi/lib/armv7-m\libc.a(lib_a-findfp.o)
                0x00084d48                __sfp_lock_release
 .text.__libc_fini_array
                0x00084d4c       0x2c c:/program files (x86)/atmel/studio/7.0/toolchain/arm/arm-gnu-toolchain/bin/../lib/gcc/arm-none-eabi/4.9.3/../../../../arm-none-eabi/lib/armv7-m\libc.a(lib_a-fini.o)
                0x00084d4c                __libc_fini_array
 .text.__fputwc
                0x00084d78       0xb0 c:/program files (x86)/atmel/studio/7.0/toolchain/arm/arm-gnu-toolchain/bin/../lib/gcc/arm-none-eabi/4.9.3/../../../../arm-none-eabi/lib/armv7-m\libc.a(lib_a-fputwc.o)
                0x00084d78                __fputwc
 .text._fputwc_r
                0x00084e28       0x24 c:/program files (x86)/atmel/studio/7.0/toolchain/arm/arm-gnu-toolchain/bin/../lib/gcc/arm-none-eabi/4.9.3/../../../../arm-none-eabi/lib/armv7-m\libc.a(lib_a-fputwc.o)
                0x00084e28                _fputwc_r
 .text._malloc_trim_r
                0x00084e4c       0x9c c:/program files (x86)/atmel/studio/7.0/toolchain/arm/arm-gnu-toolchain/bin/../lib/gcc/arm-none-eabi/4.9.3/../../../../arm-none-eabi/lib/armv7-m\libc.a(lib_a-freer.o)
                0x00084e4c                _malloc_trim_r
 .text._free_r  0x00084ee8      0x1b0 c:/program files (x86)/atmel/studio/7.0/toolchain/arm/arm-gnu-toolchain/bin/../lib/gcc/arm-none-eabi/4.9.3/../../../../arm-none-eabi/lib/armv7-m\libc.a(lib_a-freer.o)
                0x00084ee8                _free_r
 .text.__sfvwrite_r
                0x00085098      0x320 c:/program files (x86)/atmel/studio/7.0/toolchain/arm/arm-gnu-toolchain/bin/../lib/gcc/arm-none-eabi/4.9.3/../../../../arm-none-eabi/lib/armv7-m\libc.a(lib_a-fvwrite.o)
                0x00085098                __sfvwrite_r
 .text._fwalk_reent
                0x000853b8       0x50 c:/program files (x86)/atmel/studio/7.0/toolchain/arm/arm-gnu-toolchain/bin/../lib/gcc/arm-none-eabi/4.9.3/../../../../arm-none-eabi/lib/armv7-m\libc.a(lib_a-fwalk.o)
                0x000853b8                _fwalk_reent
 .text.__locale_charset
                0x00085408        0x8 c:/program files (x86)/atmel/studio/7.0/toolchain/arm/arm-gnu-toolchain/bin/../lib/gcc/arm-none-eabi/4.9.3/../../../../arm-none-eabi/lib/armv7-m\libc.a(lib_a-locale.o)
                0x00085408                __locale_charset
 .text.__locale_mb_cur_max
                0x00085410        0xc c:/program files (x86)/atmel/studio/7.0/toolchain/arm/arm-gnu-toolchain/bin/../lib/gcc/arm-none-eabi/4.9.3/../../../../arm-none-eabi/lib/armv7-m\libc.a(lib_a-locale.o)
                0x00085410                __locale_mb_cur_max
 .text.__smakebuf_r
                0x0008541c       0xe0 c:/program files (x86)/atmel/studio/7.0/toolchain/arm/arm-gnu-toolchain/bin/../lib/gcc/arm-none-eabi/4.9.3/../../../../arm-none-eabi/lib/armv7-m\libc.a(lib_a-makebuf.o)
                0x0008541c                __smakebuf_r
 .text.malloc   0x000854fc       0x10 c:/program files (x86)/atmel/studio/7.0/toolchain/arm/arm-gnu-toolchain/bin/../lib/gcc/arm-none-eabi/4.9.3/../../../../arm-none-eabi/lib/armv7-m\libc.a(lib_a-malloc.o)
                0x000854fc                malloc
 .text._malloc_r
                0x0008550c      0x50c c:/program files (x86)/atmel/studio/7.0/toolchain/arm/arm-gnu-toolchain/bin/../lib/gcc/arm-none-eabi/4.9.3/../../../../arm-none-eabi/lib/armv7-m\libc.a(lib_a-mallocr.o)
                0x0008550c                _malloc_r
 .text.memchr   0x00085a18       0x94 c:/program files (x86)/atmel/studio/7.0/toolchain/arm/arm-gnu-toolchain/bin/../lib/gcc/arm-none-eabi/4.9.3/../../../../arm-none-eabi/lib/armv7-m\libc.a(lib_a-memchr.o)
                0x00085a18                memchr
 .text          0x00085aac       0xec c:/program files (x86)/atmel/studio/7.0/toolchain/arm/arm-gnu-toolchain/bin/../lib/gcc/arm-none-eabi/4.9.3/../../../../arm-none-eabi/lib/armv7-m\libc.a(lib_a-memcpy.o)
                0x00085aac                memcpy
 .text.memmove  0x00085b98       0xc8 c:/program files (x86)/atmel/studio/7.0/toolchain/arm/arm-gnu-toolchain/bin/../lib/gcc/arm-none-eabi/4.9.3/../../../../arm-none-eabi/lib/armv7-m\libc.a(lib_a-memmove.o)
                0x00085b98                memmove
 .text.__malloc_lock
                0x00085c60        0x4 c:/program files (x86)/atmel/studio/7.0/toolchain/arm/arm-gnu-toolchain/bin/../lib/gcc/arm-none-eabi/4.9.3/../../../../arm-none-eabi/lib/armv7-m\libc.a(lib_a-mlock.o)
                0x00085c60                __malloc_lock
 .text.__malloc_unlock
                0x00085c64        0x4 c:/program files (x86)/atmel/studio/7.0/toolchain/arm/arm-gnu-toolchain/bin/../lib/gcc/arm-none-eabi/4.9.3/../../../../arm-none-eabi/lib/armv7-m\libc.a(lib_a-mlock.o)
                0x00085c64                __malloc_unlock
 .text._realloc_r
                0x00085c68      0x3e0 c:/program files (x86)/atmel/studio/7.0/toolchain/arm/arm-gnu-toolchain/bin/../lib/gcc/arm-none-eabi/4.9.3/../../../../arm-none-eabi/lib/armv7-m\libc.a(lib_a-reallocr.o)
                0x00085c68                _realloc_r
 .text._sbrk_r  0x00086048       0x24 c:/program files (x86)/atmel/studio/7.0/toolchain/arm/arm-gnu-toolchain/bin/../lib/gcc/arm-none-eabi/4.9.3/../../../../arm-none-eabi/lib/armv7-m\libc.a(lib_a-sbrkr.o)
                0x00086048                _sbrk_r
 .text.__sread  0x0008606c       0x24 c:/program files (x86)/atmel/studio/7.0/toolchain/arm/arm-gnu-toolchain/bin/../lib/gcc/arm-none-eabi/4.9.3/../../../../arm-none-eabi/lib/armv7-m\libc.a(lib_a-stdio.o)
                0x0008606c                __sread
 .text.__swrite
                0x00086090       0x38 c:/program files (x86)/atmel/studio/7.0/toolchain/arm/arm-gnu-toolchain/bin/../lib/gcc/arm-none-eabi/4.9.3/../../../../arm-none-eabi/lib/armv7-m\libc.a(lib_a-stdio.o)
                0x00086090                __swrite
 .text.__sseek  0x000860c8       0x20 c:/program files (x86)/atmel/studio/7.0/toolchain/arm/arm-gnu-toolchain/bin/../lib/gcc/arm-none-eabi/4.9.3/../../../../arm-none-eabi/lib/armv7-m\libc.a(lib_a-stdio.o)
                0x000860c8                __sseek
 .text.__sclose
                0x000860e8        0x8 c:/program files (x86)/atmel/studio/7.0/toolchain/arm/arm-gnu-toolchain/bin/../lib/gcc/arm-none-eabi/4.9.3/../../../../arm-none-eabi/lib/armv7-m\libc.a(lib_a-stdio.o)
                0x000860e8                __sclose
 .text.__swbuf_r
                0x000860f0       0xa8 c:/program files (x86)/atmel/studio/7.0/toolchain/arm/arm-gnu-toolchain/bin/../lib/gcc/arm-none-eabi/4.9.3/../../../../arm-none-eabi/lib/armv7-m\libc.a(lib_a-wbuf.o)
                0x000860f0                __swbuf_r
 .text._wcrtomb_r
                0x00086198       0x54 c:/program files (x86)/atmel/studio/7.0/toolchain/arm/arm-gnu-toolchain/bin/../lib/gcc/arm-none-eabi/4.9.3/../../../../arm-none-eabi/lib/armv7-m\libc.a(lib_a-wcrtomb.o)
                0x00086198                _wcrtomb_r
 .text.__ascii_wctomb
                0x000861ec       0x1c c:/program files (x86)/atmel/studio/7.0/toolchain/arm/arm-gnu-toolchain/bin/../lib/gcc/arm-none-eabi/4.9.3/../../../../arm-none-eabi/lib/armv7-m\libc.a(lib_a-wctomb_r.o)
                0x000861ec                __ascii_wctomb
 .text._write_r
                0x00086208       0x28 c:/program files (x86)/atmel/studio/7.0/toolchain/arm/arm-gnu-toolchain/bin/../lib/gcc/arm-none-eabi/4.9.3/../../../../arm-none-eabi/lib/armv7-m\libc.a(lib_a-writer.o)
                0x00086208                _write_r
 .text.__register_exitproc
                0x00086230       0xa4 c:/program files (x86)/atmel/studio/7.0/toolchain/arm/arm-gnu-toolchain/bin/../lib/gcc/arm-none-eabi/4.9.3/../../../../arm-none-eabi/lib/armv7-m\libc.a(lib_a-__atexit.o)
                0x00086230                __register_exitproc
 .text._close_r
                0x000862d4       0x24 c:/program files (x86)/atmel/studio/7.0/toolchain/arm/arm-gnu-toolchain/bin/../lib/gcc/arm-none-eabi/4.9.3/../../../../arm-none-eabi/lib/armv7-m\libc.a(lib_a-closer.o)
                0x000862d4                _close_r
 .text._fclose_r
                0x000862f8       0x84 c:/program files (x86)/atmel/studio/7.0/toolchain/arm/arm-gnu-toolchain/bin/../lib/gcc/arm-none-eabi/4.9.3/../../../../arm-none-eabi/lib/armv7-m\libc.a(lib_a-fclose.o)
                0x000862f8                _fclose_r
 .text._fstat_r
                0x0008637c       0x28 c:/program files (x86)/atmel/studio/7.0/toolchain/arm/arm-gnu-toolchain/bin/../lib/gcc/arm-none-eabi/4.9.3/../../../../arm-none-eabi/lib/armv7-m\libc.a(lib_a-fstatr.o)
                0x0008637c                _fstat_r
 .text._isatty_r
                0x000863a4       0x24 c:/program files (x86)/atmel/studio/7.0/toolchain/arm/arm-gnu-toolchain/bin/../lib/gcc/arm-none-eabi/4.9.3/../../../../arm-none-eabi/lib/armv7-m\libc.a(lib_a-isattyr.o)
                0x000863a4                _isatty_r
 .text._lseek_r
                0x000863c8       0x28 c:/program files (x86)/atmel/studio/7.0/toolchain/arm/arm-gnu-toolchain/bin/../lib/gcc/arm-none-eabi/4.9.3/../../../../arm-none-eabi/lib/armv7-m\libc.a(lib_a-lseekr.o)
                0x000863c8                _lseek_r
 .text._read_r  0x000863f0       0x28 c:/program files (x86)/atmel/studio/7.0/toolchain/arm/arm-gnu-toolchain/bin/../lib/gcc/arm-none-eabi/4.9.3/../../../../arm-none-eabi/lib/armv7-m\libc.a(lib_a-readr.o)
                0x000863f0                _read_r
 .text          0x00086418       0x30 c:/program files (x86)/atmel/studio/7.0/toolchain/arm/arm-gnu-toolchain/bin/../lib/gcc/arm-none-eabi/4.9.3/armv7-m\libgcc.a(_aeabi_uldivmod.o)
                0x00086418                __aeabi_uldivmod
 .text          0x00086448       0x60 c:/program files (x86)/atmel/studio/7.0/toolchain/arm/arm-gnu-toolchain/bin/../lib/gcc/arm-none-eabi/4.9.3/armv7-m\libgcc.a(bpabi.o)
                0x00086448                __gnu_ldivmod_helper
                0x00086478                __gnu_uldivmod_helper
 .text          0x000864a8        0x4 c:/program files (x86)/atmel/studio/7.0/toolchain/arm/arm-gnu-toolchain/bin/../lib/gcc/arm-none-eabi/4.9.3/armv7-m\libgcc.a(_dvmd_tls.o)
                0x000864a8                __aeabi_idiv0
                0x000864a8                __aeabi_ldiv0
 .text          0x000864ac      0x2ac c:/program files (x86)/atmel/studio/7.0/toolchain/arm/arm-gnu-toolchain/bin/../lib/gcc/arm-none-eabi/4.9.3/armv7-m\libgcc.a(_divdi3.o)
                0x000864ac                __divdi3
 .text          0x00086758      0x270 c:/program files (x86)/atmel/studio/7.0/toolchain/arm/arm-gnu-toolchain/bin/../lib/gcc/arm-none-eabi/4.9.3/armv7-m\libgcc.a(_udivdi3.o)
                0x00086758                __udivdi3
 *(.glue_7t)
 .glue_7t       0x00000000        0x0 linker stubs
 *(.glue_7)
 .glue_7        0x00000000        0x0 linker stubs
 *(.rodata .rodata* .gnu.linkonce.r.*)
 .rodata.can_bit_time
                0x000869c8       0x6c src/Platform/Driver/DD_CAN/D_CAN.o
                0x000869c8                can_bit_time
 .rodata.uart_serial_options
                0x00086a34       0x10 src/CPU3.o
                0x00086a34                uart_serial_options
 .rodata        0x00086a44       0x11 src/CPU3.o
 *fill*         0x00086a55        0x3 
 .rodata.str1.4
                0x00086a58        0x2 c:/program files (x86)/atmel/studio/7.0/toolchain/arm/arm-gnu-toolchain/bin/../lib/gcc/arm-none-eabi/4.9.3/../../../../arm-none-eabi/lib/armv7-m\libc.a(lib_a-impure.o)
 *fill*         0x00086a5a        0x2 
 .rodata._global_impure_ptr
                0x00086a5c        0x4 c:/program files (x86)/atmel/studio/7.0/toolchain/arm/arm-gnu-toolchain/bin/../lib/gcc/arm-none-eabi/4.9.3/../../../../arm-none-eabi/lib/armv7-m\libc.a(lib_a-impure.o)
                0x00086a5c                _global_impure_ptr
 .rodata.zeroes.6869
                0x00086a60       0x10 c:/program files (x86)/atmel/studio/7.0/toolchain/arm/arm-gnu-toolchain/bin/../lib/gcc/arm-none-eabi/4.9.3/../../../../arm-none-eabi/lib/armv7-m\libc.a(lib_a-vfiprintf.o)
 .rodata.str1.4
                0x00086a70       0x30 c:/program files (x86)/atmel/studio/7.0/toolchain/arm/arm-gnu-toolchain/bin/../lib/gcc/arm-none-eabi/4.9.3/../../../../arm-none-eabi/lib/armv7-m\libc.a(lib_a-vfiprintf.o)
                                 0x2f (size before relaxing)
 .rodata.blanks.6868
                0x00086aa0       0x10 c:/program files (x86)/atmel/studio/7.0/toolchain/arm/arm-gnu-toolchain/bin/../lib/gcc/arm-none-eabi/4.9.3/../../../../arm-none-eabi/lib/armv7-m\libc.a(lib_a-vfiprintf.o)
 *(.ARM.extab* .gnu.linkonce.armextab.*)
                0x00086ab0                . = ALIGN (0x4)
 *(.init)
 .init          0x00086ab0        0x4 c:/program files (x86)/atmel/studio/7.0/toolchain/arm/arm-gnu-toolchain/bin/../lib/gcc/arm-none-eabi/4.9.3/armv7-m/crti.o
                0x00086ab0                _init
 .init          0x00086ab4        0x8 c:/program files (x86)/atmel/studio/7.0/toolchain/arm/arm-gnu-toolchain/bin/../lib/gcc/arm-none-eabi/4.9.3/armv7-m/crtn.o
                0x00086abc                . = ALIGN (0x4)
                0x00086abc                __preinit_array_start = .
 *(.preinit_array)
                0x00086abc                __preinit_array_end = .
                0x00086abc                . = ALIGN (0x4)
                0x00086abc                __init_array_start = .
 *(SORT(.init_array.*))
 .init_array.00000
                0x00086abc        0x4 c:/program files (x86)/atmel/studio/7.0/toolchain/arm/arm-gnu-toolchain/bin/../lib/gcc/arm-none-eabi/4.9.3/../../../../arm-none-eabi/lib/armv7-m\libc.a(lib_a-__call_atexit.o)
 *(.init_array)
 .init_array    0x00086ac0        0x4 c:/program files (x86)/atmel/studio/7.0/toolchain/arm/arm-gnu-toolchain/bin/../lib/gcc/arm-none-eabi/4.9.3/armv7-m/crtbegin.o
                0x00086ac4                __init_array_end = .
                0x00086ac4                . = ALIGN (0x4)
 *crtbegin.o(.ctors)
 *(EXCLUDE_FILE(*crtend.o) .ctors)
 *(SORT(.ctors.*))
 *crtend.o(.ctors)
                0x00086ac4                . = ALIGN (0x4)
 *(.fini)
 .fini          0x00086ac4        0x4 c:/program files (x86)/atmel/studio/7.0/toolchain/arm/arm-gnu-toolchain/bin/../lib/gcc/arm-none-eabi/4.9.3/armv7-m/crti.o
                0x00086ac4                _fini
 .fini          0x00086ac8        0x8 c:/program files (x86)/atmel/studio/7.0/toolchain/arm/arm-gnu-toolchain/bin/../lib/gcc/arm-none-eabi/4.9.3/armv7-m/crtn.o
                0x00086ad0                . = ALIGN (0x4)
                0x00086ad0                __fini_array_start = .
 *(.fini_array)
 .fini_array    0x00086ad0        0x4 c:/program files (x86)/atmel/studio/7.0/toolchain/arm/arm-gnu-toolchain/bin/../lib/gcc/arm-none-eabi/4.9.3/armv7-m/crtbegin.o
 *(SORT(.fini_array.*))
                0x00086ad4                __fini_array_end = .
 *crtbegin.o(.dtors)
 *(EXCLUDE_FILE(*crtend.o) .dtors)
 *(SORT(.dtors.*))
 *crtend.o(.dtors)
                0x00086ad4                . = ALIGN (0x4)
                0x00086ad4                _efixed = .
                0x00086ad4                PROVIDE (__exidx_start, .)

.vfp11_veneer   0x00086ad4        0x0
 .vfp11_veneer  0x00000000        0x0 linker stubs

.v4_bx          0x00086ad4        0x0
 .v4_bx         0x00000000        0x0 linker stubs

.iplt           0x00086ad4        0x0
 .iplt          0x00000000        0x0 c:/program files (x86)/atmel/studio/7.0/toolchain/arm/arm-gnu-toolchain/bin/../lib/gcc/arm-none-eabi/4.9.3/armv7-m/crtbegin.o

.ARM.exidx      0x00086ad4        0x8
 *(.ARM.exidx* .gnu.linkonce.armexidx.*)
 .ARM.exidx     0x00086ad4        0x8 c:/program files (x86)/atmel/studio/7.0/toolchain/arm/arm-gnu-toolchain/bin/../lib/gcc/arm-none-eabi/4.9.3/armv7-m\libgcc.a(_divdi3.o)
 .ARM.exidx     0x00086adc        0x0 c:/program files (x86)/atmel/studio/7.0/toolchain/arm/arm-gnu-toolchain/bin/../lib/gcc/arm-none-eabi/4.9.3/armv7-m\libgcc.a(_udivdi3.o)
                                  0x8 (size before relaxing)
                0x00086adc                PROVIDE (__exidx_end, .)

.eh_frame       0x00086adc        0x0
 .eh_frame      0x00086adc        0x0 c:/program files (x86)/atmel/studio/7.0/toolchain/arm/arm-gnu-toolchain/bin/../lib/gcc/arm-none-eabi/4.9.3/armv7-m/crtbegin.o

.rel.dyn        0x00086adc        0x0
 .rel.iplt      0x00000000        0x0 c:/program files (x86)/atmel/studio/7.0/toolchain/arm/arm-gnu-toolchain/bin/../lib/gcc/arm-none-eabi/4.9.3/armv7-m/crtbegin.o

.jcr            0x00086adc        0x0
 .jcr           0x00086adc        0x0 c:/program files (x86)/atmel/studio/7.0/toolchain/arm/arm-gnu-toolchain/bin/../lib/gcc/arm-none-eabi/4.9.3/armv7-m/crtbegin.o

.igot.plt       0x00086adc        0x0
 .igot.plt      0x00000000        0x0 c:/program files (x86)/atmel/studio/7.0/toolchain/arm/arm-gnu-toolchain/bin/../lib/gcc/arm-none-eabi/4.9.3/armv7-m/crtbegin.o
                0x00086adc                . = ALIGN (0x4)
                0x00086adc                _etext = .

.relocate       0x20070000      0xc6c load address 0x00086adc
                0x20070000                . = ALIGN (0x4)
                0x20070000                _srelocate = .
 *(.ramfunc .ramfunc.*)
 *(.data .data.*)
 .data.array_acid
                0x20070000      0x200 src/Platform/Driver/HANDLER/D_HANDLER.o
                0x20070000                array_acid
 .data.array_bicar
                0x20070200      0x200 src/Platform/Driver/HANDLER/D_HANDLER.o
                0x20070200                array_bicar
 .data.state_3  0x20070400        0x1 src/CPU3.o
                0x20070400                state_3
 *fill*         0x20070401        0x3 
 .data.SystemCoreClock
                0x20070404        0x4 src/ASF/sam/utils/cmsis/sam3x/source/templates/system_sam3x.o
                0x20070404                SystemCoreClock
 .data.impure_data
                0x20070408      0x428 c:/program files (x86)/atmel/studio/7.0/toolchain/arm/arm-gnu-toolchain/bin/../lib/gcc/arm-none-eabi/4.9.3/../../../../arm-none-eabi/lib/armv7-m\libc.a(lib_a-impure.o)
 .data._impure_ptr
                0x20070830        0x4 c:/program files (x86)/atmel/studio/7.0/toolchain/arm/arm-gnu-toolchain/bin/../lib/gcc/arm-none-eabi/4.9.3/../../../../arm-none-eabi/lib/armv7-m\libc.a(lib_a-impure.o)
                0x20070830                _impure_ptr
 .data.lc_ctype_charset
                0x20070834       0x20 c:/program files (x86)/atmel/studio/7.0/toolchain/arm/arm-gnu-toolchain/bin/../lib/gcc/arm-none-eabi/4.9.3/../../../../arm-none-eabi/lib/armv7-m\libc.a(lib_a-locale.o)
 .data.__mb_cur_max
                0x20070854        0x4 c:/program files (x86)/atmel/studio/7.0/toolchain/arm/arm-gnu-toolchain/bin/../lib/gcc/arm-none-eabi/4.9.3/../../../../arm-none-eabi/lib/armv7-m\libc.a(lib_a-locale.o)
                0x20070854                __mb_cur_max
 .data.__malloc_av_
                0x20070858      0x408 c:/program files (x86)/atmel/studio/7.0/toolchain/arm/arm-gnu-toolchain/bin/../lib/gcc/arm-none-eabi/4.9.3/../../../../arm-none-eabi/lib/armv7-m\libc.a(lib_a-mallocr.o)
                0x20070858                __malloc_av_
 .data.__malloc_trim_threshold
                0x20070c60        0x4 c:/program files (x86)/atmel/studio/7.0/toolchain/arm/arm-gnu-toolchain/bin/../lib/gcc/arm-none-eabi/4.9.3/../../../../arm-none-eabi/lib/armv7-m\libc.a(lib_a-mallocr.o)
                0x20070c60                __malloc_trim_threshold
 .data.__malloc_sbrk_base
                0x20070c64        0x4 c:/program files (x86)/atmel/studio/7.0/toolchain/arm/arm-gnu-toolchain/bin/../lib/gcc/arm-none-eabi/4.9.3/../../../../arm-none-eabi/lib/armv7-m\libc.a(lib_a-mallocr.o)
                0x20070c64                __malloc_sbrk_base
 .data.__wctomb
                0x20070c68        0x4 c:/program files (x86)/atmel/studio/7.0/toolchain/arm/arm-gnu-toolchain/bin/../lib/gcc/arm-none-eabi/4.9.3/../../../../arm-none-eabi/lib/armv7-m\libc.a(lib_a-wctomb_r.o)
                0x20070c68                __wctomb
                0x20070c6c                . = ALIGN (0x4)
                0x20070c6c                _erelocate = .

.bss            0x20070c6c      0x5e0 load address 0x00087748
                0x20070c6c                . = ALIGN (0x4)
                0x20070c6c                _sbss = .
                0x20070c6c                _szero = .
 *(.bss .bss.*)
 .bss           0x20070c6c       0x1c c:/program files (x86)/atmel/studio/7.0/toolchain/arm/arm-gnu-toolchain/bin/../lib/gcc/arm-none-eabi/4.9.3/armv7-m/crtbegin.o
 .bss.state     0x20070c88        0x1 src/Platform/Driver/DD_CAN/D_CAN.o
                0x20070c88                state
 *fill*         0x20070c89        0x1 
 .bss.count_start
                0x20070c8a        0x2 src/Platform/Driver/DD_CAN/D_CAN.o
                0x20070c8a                count_start
 .bss.count_stop
                0x20070c8c        0x2 src/Platform/Driver/DD_CAN/D_CAN.o
                0x20070c8c                count_stop
 .bss.data_count
                0x20070c8e        0x1 src/Platform/Driver/DD_CAN/D_CAN.o
                0x20070c8e                data_count
 *fill*         0x20070c8f        0x1 
 .bss.data      0x20070c90        0x3 src/Platform/Driver/DD_CAN/D_CAN.o
                0x20070c90                data
 .bss.sv_rxrdy_flag
                0x20070c93        0x1 src/Platform/Driver/DD_CAN/D_CAN.o
                0x20070c93                sv_rxrdy_flag
 .bss.data_buff
                0x20070c94        0x3 src/Platform/Driver/DD_CAN/D_CAN.o
                0x20070c94                data_buff
 .bss.test      0x20070c97        0x1 src/Platform/Driver/DD_CAN/D_CAN.o
                0x20070c97                test
 .bss.g_ul_recv_status
                0x20070c98        0x4 src/Platform/Driver/DD_CAN/D_CAN.o
                0x20070c98                g_ul_recv_status
 .bss.toggle    0x20070c9c        0x1 src/Platform/Driver/HANDLER/D_HANDLER.o
 *fill*         0x20070c9d        0x3 
 .bss.TC1_cnt   0x20070ca0        0x4 src/Platform/Driver/HANDLER/D_HANDLER.o
                0x20070ca0                TC1_cnt
 .bss.TC2_cnt   0x20070ca4        0x4 src/Platform/Driver/HANDLER/D_HANDLER.o
                0x20070ca4                TC2_cnt
 .bss.Cnt_TC0_total
                0x20070ca8        0x4 src/Platform/Driver/HANDLER/D_HANDLER.o
                0x20070ca8                Cnt_TC0_total
 .bss.Cnt_TC1_total
                0x20070cac        0x4 src/Platform/Driver/HANDLER/D_HANDLER.o
                0x20070cac                Cnt_TC1_total
 .bss.OneSecFlag
                0x20070cb0        0x1 src/Platform/Driver/HANDLER/D_HANDLER.o
                0x20070cb0                OneSecFlag
 *fill*         0x20070cb1        0x3 
 .bss.tick      0x20070cb4        0x4 src/Platform/Driver/HANDLER/D_HANDLER.o
                0x20070cb4                tick
 .bss.tick_10   0x20070cb8        0x4 src/Platform/Driver/HANDLER/D_HANDLER.o
                0x20070cb8                tick_10
 .bss.tick_50   0x20070cbc        0x4 src/Platform/Driver/HANDLER/D_HANDLER.o
                0x20070cbc                tick_50
 .bss.tick_100  0x20070cc0        0x4 src/Platform/Driver/HANDLER/D_HANDLER.o
                0x20070cc0                tick_100
 .bss.tick_500  0x20070cc4        0x4 src/Platform/Driver/HANDLER/D_HANDLER.o
                0x20070cc4                tick_500
 .bss.ul_reg_val.7258
                0x20070cc8        0x4 src/ASF/sam/drivers/usart/usart.o
 .bss.count     0x20070ccc        0x4 src/CPU3.o
                0x20070ccc                count
 .bss.count1    0x20070cd0        0x4 src/CPU3.o
                0x20070cd0                count1
 .bss.openfillstate
                0x20070cd4        0x1 src/CPU3.o
                0x20070cd4                openfillstate
 .bss.flag_nrmal
                0x20070cd5        0x1 src/CPU3.o
                0x20070cd5                flag_nrmal
 *fill*         0x20070cd6        0x2 
 .bss.rc        0x20070cd8        0x4 src/CPU3.o
                0x20070cd8                rc
 .bss.feedcount_flag
                0x20070cdc        0x1 src/CPU3.o
                0x20070cdc                feedcount_flag
 *fill*         0x20070cdd        0x3 
 .bss.acid_count
                0x20070ce0        0x4 src/CPU3.o
                0x20070ce0                acid_count
 .bss.bicarb_count
                0x20070ce4        0x4 src/CPU3.o
                0x20070ce4                bicarb_count
 .bss.cnt.8930  0x20070ce8        0x1 src/CPU3.o
 *fill*         0x20070ce9        0x3 
 .bss.status.8945
                0x20070cec        0x4 src/CPU3.o
 .bss.status_bic.8946
                0x20070cf0        0x4 src/CPU3.o
 .bss.status_fdbck.8947
                0x20070cf4        0x4 src/CPU3.o
 .bss.prev_status_bic.8950
                0x20070cf8        0x4 src/CPU3.o
 .bss.prev_status_fdbck.8952
                0x20070cfc        0x4 src/CPU3.o
 .bss.flag_1.8942
                0x20070d00        0x4 src/CPU3.o
 .bss.prev_status.8948
                0x20070d04        0x4 src/CPU3.o
 .bss.dummy_1.8941
                0x20070d08        0x4 src/CPU3.o
 .bss.flag_1b.8943
                0x20070d0c        0x4 src/CPU3.o
 .bss.dummy_1b.8944
                0x20070d10        0x4 src/CPU3.o
 .bss.gs_interrupt_sources
                0x20070d14       0x70 src/ASF/sam/drivers/pio/pio_handler.o
 .bss.heap.5211
                0x20070d84        0x4 src/ASF/sam/utils/syscalls/gcc/syscalls.o
 .bss.__malloc_max_total_mem
                0x20070d88        0x4 c:/program files (x86)/atmel/studio/7.0/toolchain/arm/arm-gnu-toolchain/bin/../lib/gcc/arm-none-eabi/4.9.3/../../../../arm-none-eabi/lib/armv7-m\libc.a(lib_a-mallocr.o)
                0x20070d88                __malloc_max_total_mem
 .bss.__malloc_max_sbrked_mem
                0x20070d8c        0x4 c:/program files (x86)/atmel/studio/7.0/toolchain/arm/arm-gnu-toolchain/bin/../lib/gcc/arm-none-eabi/4.9.3/../../../../arm-none-eabi/lib/armv7-m\libc.a(lib_a-mallocr.o)
                0x20070d8c                __malloc_max_sbrked_mem
 .bss.__malloc_top_pad
                0x20070d90        0x4 c:/program files (x86)/atmel/studio/7.0/toolchain/arm/arm-gnu-toolchain/bin/../lib/gcc/arm-none-eabi/4.9.3/../../../../arm-none-eabi/lib/armv7-m\libc.a(lib_a-mallocr.o)
                0x20070d90                __malloc_top_pad
 .bss.__malloc_current_mallinfo
                0x20070d94       0x28 c:/program files (x86)/atmel/studio/7.0/toolchain/arm/arm-gnu-toolchain/bin/../lib/gcc/arm-none-eabi/4.9.3/../../../../arm-none-eabi/lib/armv7-m\libc.a(lib_a-mallocr.o)
                0x20070d94                __malloc_current_mallinfo
 *(COMMON)
 COMMON         0x20070dbc      0x430 src/Platform/Driver/DD_CAN/D_CAN.o
                0x20070dbc                address
                0x20070dc0                flag
                0x20070dc4                temp_struct
                0x20070dc8                start_c
                0x20070dca                User_setConductivity
                0x20070dcc                flag1
                0x20070dd0                can0_mailbox
                0x20070df0                flag_buff
                0x20070df4                address_1
                0x20070df8                can0_transceiver
                0x20070e00                flag_buff1
                0x20070e04                data_buffer
 COMMON         0x200711ec        0x8 src/Platform/Driver/HANDLER/D_HANDLER.o
                0x200711ec                time_tick
                0x200711f0                stepcount
 COMMON         0x200711f4        0x4 src/ASF/common/utils/stdio/read.o
                0x200711f4                ptr_get
 COMMON         0x200711f8        0x8 src/ASF/common/utils/stdio/write.o
                0x200711f8                ptr_put
                0x200711fc                stdio_base
 COMMON         0x20071200       0x48 src/CPU3.o
                0x20071200                cond1
                0x20071204                cond1_c
                0x20071208                cond2_v
                0x2007120c                bic_rc
                0x20071210                mode
                0x20071214                sensor_status
                0x2007122c                bic_ra
                0x20071230                data_stream
                0x20071234                cond2
                0x20071238                cond1_v
                0x2007123c                cpu3_time
                0x20071240                cond2_c
                0x20071244                ra
 COMMON         0x20071248        0x4 c:/program files (x86)/atmel/studio/7.0/toolchain/arm/arm-gnu-toolchain/bin/../lib/gcc/arm-none-eabi/4.9.3/../../../../arm-none-eabi/lib/armv7-m\libc.a(lib_a-reent.o)
                0x20071248                errno
                0x2007124c                . = ALIGN (0x4)
                0x2007124c                _ebss = .
                0x2007124c                _ezero = .

.stack          0x2007124c     0x2004 load address 0x00087d28
                0x20071250                . = ALIGN (0x8)
 *fill*         0x2007124c        0x4 
                0x20071250                _sstack = .
                0x20073250                . = (. + __stack_size__)
 *fill*         0x20071250     0x2000 
                0x20073250                . = ALIGN (0x8)
                0x20073250                _estack = .
                0x20073250                . = ALIGN (0x4)
                0x20073250                _end = .
OUTPUT(CPU3.elf elf32-littlearm)

.ARM.attributes
                0x00000000       0x29
 .ARM.attributes
                0x00000000       0x1d c:/program files (x86)/atmel/studio/7.0/toolchain/arm/arm-gnu-toolchain/bin/../lib/gcc/arm-none-eabi/4.9.3/armv7-m/crti.o
 .ARM.attributes
                0x0000001d       0x2d c:/program files (x86)/atmel/studio/7.0/toolchain/arm/arm-gnu-toolchain/bin/../lib/gcc/arm-none-eabi/4.9.3/armv7-m/crtbegin.o
 .ARM.attributes
                0x0000004a       0x33 src/Platform/Driver/CLOCK/D_CLOCK.o
 .ARM.attributes
                0x0000007d       0x33 src/Platform/Driver/DD_CAN/D_CAN.o
 .ARM.attributes
                0x000000b0       0x33 src/Platform/Driver/D_SYS/D_SYS.o
 .ARM.attributes
                0x000000e3       0x33 src/Platform/Driver/GPIO/D_GPIO.o
 .ARM.attributes
                0x00000116       0x33 src/Platform/Driver/HANDLER/D_HANDLER.o
 .ARM.attributes
                0x00000149       0x33 src/Platform/Driver/INT/D_INT.o
 .ARM.attributes
                0x0000017c       0x33 src/Platform/Driver/PWM/D_PWM.o
 .ARM.attributes
                0x000001af       0x33 src/Platform/Driver/TIMER/D_TIMER.o
 .ARM.attributes
                0x000001e2       0x33 src/Platform/Service/CNTRL/S_CNTRL.o
 .ARM.attributes
                0x00000215       0x33 src/Platform/Service/SYS/S_SYS.o
 .ARM.attributes
                0x00000248       0x33 src/Platform/Service/TIMER/S_TIMER.o
 .ARM.attributes
                0x0000027b       0x33 src/ASF/common/utils/stdio/read.o
 .ARM.attributes
                0x000002ae       0x33 src/ASF/common/utils/stdio/write.o
 .ARM.attributes
                0x000002e1       0x33 src/ASF/sam/drivers/tc/tc.o
 .ARM.attributes
                0x00000314       0x33 src/ASF/sam/drivers/uart/uart.o
 .ARM.attributes
                0x00000347       0x33 src/ASF/sam/drivers/usart/usart.o
 .ARM.attributes
                0x0000037a       0x33 src/CPU3.o
 .ARM.attributes
                0x000003ad       0x33 src/ASF/common/services/clock/sam3x/sysclk.o
 .ARM.attributes
                0x000003e0       0x33 src/ASF/sam/boards/arduino_due_x/init.o
 .ARM.attributes
                0x00000413       0x33 src/ASF/sam/drivers/pio/pio.o
 .ARM.attributes
                0x00000446       0x33 src/ASF/sam/drivers/pio/pio_handler.o
 .ARM.attributes
                0x00000479       0x33 src/ASF/sam/drivers/pmc/pmc.o
 .ARM.attributes
                0x000004ac       0x33 src/ASF/sam/utils/cmsis/sam3x/source/templates/exceptions.o
 .ARM.attributes
                0x000004df       0x33 src/ASF/sam/utils/cmsis/sam3x/source/templates/gcc/startup_sam3x.o
 .ARM.attributes
                0x00000512       0x33 src/ASF/sam/utils/cmsis/sam3x/source/templates/system_sam3x.o
 .ARM.attributes
                0x00000545       0x33 src/ASF/sam/utils/syscalls/gcc/syscalls.o
 .ARM.attributes
                0x00000578       0x1d c:/program files (x86)/atmel/studio/7.0/toolchain/arm/arm-gnu-toolchain/bin/../lib/gcc/arm-none-eabi/4.9.3/armv7-m\libgcc.a(_arm_addsubdf3.o)
 .ARM.attributes
                0x00000595       0x1d c:/program files (x86)/atmel/studio/7.0/toolchain/arm/arm-gnu-toolchain/bin/../lib/gcc/arm-none-eabi/4.9.3/armv7-m\libgcc.a(_arm_fixunsdfsi.o)
 .ARM.attributes
                0x000005b2       0x2d c:/program files (x86)/atmel/studio/7.0/toolchain/arm/arm-gnu-toolchain/bin/../lib/gcc/arm-none-eabi/4.9.3/../../../../arm-none-eabi/lib/armv7-m\libc.a(lib_a-impure.o)
 .ARM.attributes
                0x000005df       0x2d c:/program files (x86)/atmel/studio/7.0/toolchain/arm/arm-gnu-toolchain/bin/../lib/gcc/arm-none-eabi/4.9.3/../../../../arm-none-eabi/lib/armv7-m\libc.a(lib_a-init.o)
 .ARM.attributes
                0x0000060c       0x2d c:/program files (x86)/atmel/studio/7.0/toolchain/arm/arm-gnu-toolchain/bin/../lib/gcc/arm-none-eabi/4.9.3/../../../../arm-none-eabi/lib/armv7-m\libc.a(lib_a-iprintf.o)
 .ARM.attributes
                0x00000639       0x2d c:/program files (x86)/atmel/studio/7.0/toolchain/arm/arm-gnu-toolchain/bin/../lib/gcc/arm-none-eabi/4.9.3/../../../../arm-none-eabi/lib/armv7-m\libc.a(lib_a-memset.o)
 .ARM.attributes
                0x00000666       0x2d c:/program files (x86)/atmel/studio/7.0/toolchain/arm/arm-gnu-toolchain/bin/../lib/gcc/arm-none-eabi/4.9.3/../../../../arm-none-eabi/lib/armv7-m\libc.a(lib_a-setbuf.o)
 .ARM.attributes
                0x00000693       0x2d c:/program files (x86)/atmel/studio/7.0/toolchain/arm/arm-gnu-toolchain/bin/../lib/gcc/arm-none-eabi/4.9.3/../../../../arm-none-eabi/lib/armv7-m\libc.a(lib_a-setvbuf.o)
 .ARM.attributes
                0x000006c0       0x2d c:/program files (x86)/atmel/studio/7.0/toolchain/arm/arm-gnu-toolchain/bin/../lib/gcc/arm-none-eabi/4.9.3/../../../../arm-none-eabi/lib/armv7-m\libc.a(lib_a-strlen.o)
 .ARM.attributes
                0x000006ed       0x2d c:/program files (x86)/atmel/studio/7.0/toolchain/arm/arm-gnu-toolchain/bin/../lib/gcc/arm-none-eabi/4.9.3/../../../../arm-none-eabi/lib/armv7-m\libc.a(lib_a-vfiprintf.o)
 .ARM.attributes
                0x0000071a       0x2d c:/program files (x86)/atmel/studio/7.0/toolchain/arm/arm-gnu-toolchain/bin/../lib/gcc/arm-none-eabi/4.9.3/../../../../arm-none-eabi/lib/armv7-m\libc.a(lib_a-wsetup.o)
 .ARM.attributes
                0x00000747       0x2d c:/program files (x86)/atmel/studio/7.0/toolchain/arm/arm-gnu-toolchain/bin/../lib/gcc/arm-none-eabi/4.9.3/../../../../arm-none-eabi/lib/armv7-m\libc.a(lib_a-__call_atexit.o)
 .ARM.attributes
                0x00000774       0x2d c:/program files (x86)/atmel/studio/7.0/toolchain/arm/arm-gnu-toolchain/bin/../lib/gcc/arm-none-eabi/4.9.3/../../../../arm-none-eabi/lib/armv7-m\libc.a(lib_a-atexit.o)
 .ARM.attributes
                0x000007a1       0x2d c:/program files (x86)/atmel/studio/7.0/toolchain/arm/arm-gnu-toolchain/bin/../lib/gcc/arm-none-eabi/4.9.3/../../../../arm-none-eabi/lib/armv7-m\libc.a(lib_a-fflush.o)
 .ARM.attributes
                0x000007ce       0x2d c:/program files (x86)/atmel/studio/7.0/toolchain/arm/arm-gnu-toolchain/bin/../lib/gcc/arm-none-eabi/4.9.3/../../../../arm-none-eabi/lib/armv7-m\libc.a(lib_a-findfp.o)
 .ARM.attributes
                0x000007fb       0x2d c:/program files (x86)/atmel/studio/7.0/toolchain/arm/arm-gnu-toolchain/bin/../lib/gcc/arm-none-eabi/4.9.3/../../../../arm-none-eabi/lib/armv7-m\libc.a(lib_a-fini.o)
 .ARM.attributes
                0x00000828       0x2d c:/program files (x86)/atmel/studio/7.0/toolchain/arm/arm-gnu-toolchain/bin/../lib/gcc/arm-none-eabi/4.9.3/../../../../arm-none-eabi/lib/armv7-m\libc.a(lib_a-fputwc.o)
 .ARM.attributes
                0x00000855       0x2d c:/program files (x86)/atmel/studio/7.0/toolchain/arm/arm-gnu-toolchain/bin/../lib/gcc/arm-none-eabi/4.9.3/../../../../arm-none-eabi/lib/armv7-m\libc.a(lib_a-freer.o)
 .ARM.attributes
                0x00000882       0x2d c:/program files (x86)/atmel/studio/7.0/toolchain/arm/arm-gnu-toolchain/bin/../lib/gcc/arm-none-eabi/4.9.3/../../../../arm-none-eabi/lib/armv7-m\libc.a(lib_a-fvwrite.o)
 .ARM.attributes
                0x000008af       0x2d c:/program files (x86)/atmel/studio/7.0/toolchain/arm/arm-gnu-toolchain/bin/../lib/gcc/arm-none-eabi/4.9.3/../../../../arm-none-eabi/lib/armv7-m\libc.a(lib_a-fwalk.o)
 .ARM.attributes
                0x000008dc       0x2d c:/program files (x86)/atmel/studio/7.0/toolchain/arm/arm-gnu-toolchain/bin/../lib/gcc/arm-none-eabi/4.9.3/../../../../arm-none-eabi/lib/armv7-m\libc.a(lib_a-locale.o)
 .ARM.attributes
                0x00000909       0x2d c:/program files (x86)/atmel/studio/7.0/toolchain/arm/arm-gnu-toolchain/bin/../lib/gcc/arm-none-eabi/4.9.3/../../../../arm-none-eabi/lib/armv7-m\libc.a(lib_a-makebuf.o)
 .ARM.attributes
                0x00000936       0x2d c:/program files (x86)/atmel/studio/7.0/toolchain/arm/arm-gnu-toolchain/bin/../lib/gcc/arm-none-eabi/4.9.3/../../../../arm-none-eabi/lib/armv7-m\libc.a(lib_a-malloc.o)
 .ARM.attributes
                0x00000963       0x2d c:/program files (x86)/atmel/studio/7.0/toolchain/arm/arm-gnu-toolchain/bin/../lib/gcc/arm-none-eabi/4.9.3/../../../../arm-none-eabi/lib/armv7-m\libc.a(lib_a-mallocr.o)
 .ARM.attributes
                0x00000990       0x2d c:/program files (x86)/atmel/studio/7.0/toolchain/arm/arm-gnu-toolchain/bin/../lib/gcc/arm-none-eabi/4.9.3/../../../../arm-none-eabi/lib/armv7-m\libc.a(lib_a-memchr.o)
 .ARM.attributes
                0x000009bd       0x1b c:/program files (x86)/atmel/studio/7.0/toolchain/arm/arm-gnu-toolchain/bin/../lib/gcc/arm-none-eabi/4.9.3/../../../../arm-none-eabi/lib/armv7-m\libc.a(lib_a-memcpy.o)
 .ARM.attributes
                0x000009d8       0x2d c:/program files (x86)/atmel/studio/7.0/toolchain/arm/arm-gnu-toolchain/bin/../lib/gcc/arm-none-eabi/4.9.3/../../../../arm-none-eabi/lib/armv7-m\libc.a(lib_a-memmove.o)
 .ARM.attributes
                0x00000a05       0x2d c:/program files (x86)/atmel/studio/7.0/toolchain/arm/arm-gnu-toolchain/bin/../lib/gcc/arm-none-eabi/4.9.3/../../../../arm-none-eabi/lib/armv7-m\libc.a(lib_a-mlock.o)
 .ARM.attributes
                0x00000a32       0x2d c:/program files (x86)/atmel/studio/7.0/toolchain/arm/arm-gnu-toolchain/bin/../lib/gcc/arm-none-eabi/4.9.3/../../../../arm-none-eabi/lib/armv7-m\libc.a(lib_a-reallocr.o)
 .ARM.attributes
                0x00000a5f       0x2d c:/program files (x86)/atmel/studio/7.0/toolchain/arm/arm-gnu-toolchain/bin/../lib/gcc/arm-none-eabi/4.9.3/../../../../arm-none-eabi/lib/armv7-m\libc.a(lib_a-sbrkr.o)
 .ARM.attributes
                0x00000a8c       0x2d c:/program files (x86)/atmel/studio/7.0/toolchain/arm/arm-gnu-toolchain/bin/../lib/gcc/arm-none-eabi/4.9.3/../../../../arm-none-eabi/lib/armv7-m\libc.a(lib_a-stdio.o)
 .ARM.attributes
                0x00000ab9       0x2d c:/program files (x86)/atmel/studio/7.0/toolchain/arm/arm-gnu-toolchain/bin/../lib/gcc/arm-none-eabi/4.9.3/../../../../arm-none-eabi/lib/armv7-m\libc.a(lib_a-wbuf.o)
 .ARM.attributes
                0x00000ae6       0x2d c:/program files (x86)/atmel/studio/7.0/toolchain/arm/arm-gnu-toolchain/bin/../lib/gcc/arm-none-eabi/4.9.3/../../../../arm-none-eabi/lib/armv7-m\libc.a(lib_a-wcrtomb.o)
 .ARM.attributes
                0x00000b13       0x2d c:/program files (x86)/atmel/studio/7.0/toolchain/arm/arm-gnu-toolchain/bin/../lib/gcc/arm-none-eabi/4.9.3/../../../../arm-none-eabi/lib/armv7-m\libc.a(lib_a-wctomb_r.o)
 .ARM.attributes
                0x00000b40       0x2d c:/program files (x86)/atmel/studio/7.0/toolchain/arm/arm-gnu-toolchain/bin/../lib/gcc/arm-none-eabi/4.9.3/../../../../arm-none-eabi/lib/armv7-m\libc.a(lib_a-writer.o)
 .ARM.attributes
                0x00000b6d       0x2d c:/program files (x86)/atmel/studio/7.0/toolchain/arm/arm-gnu-toolchain/bin/../lib/gcc/arm-none-eabi/4.9.3/../../../../arm-none-eabi/lib/armv7-m\libc.a(lib_a-__atexit.o)
 .ARM.attributes
                0x00000b9a       0x2d c:/program files (x86)/atmel/studio/7.0/toolchain/arm/arm-gnu-toolchain/bin/../lib/gcc/arm-none-eabi/4.9.3/../../../../arm-none-eabi/lib/armv7-m\libc.a(lib_a-closer.o)
 .ARM.attributes
                0x00000bc7       0x2d c:/program files (x86)/atmel/studio/7.0/toolchain/arm/arm-gnu-toolchain/bin/../lib/gcc/arm-none-eabi/4.9.3/../../../../arm-none-eabi/lib/armv7-m\libc.a(lib_a-fclose.o)
 .ARM.attributes
                0x00000bf4       0x2d c:/program files (x86)/atmel/studio/7.0/toolchain/arm/arm-gnu-toolchain/bin/../lib/gcc/arm-none-eabi/4.9.3/../../../../arm-none-eabi/lib/armv7-m\libc.a(lib_a-fstatr.o)
 .ARM.attributes
                0x00000c21       0x2d c:/program files (x86)/atmel/studio/7.0/toolchain/arm/arm-gnu-toolchain/bin/../lib/gcc/arm-none-eabi/4.9.3/../../../../arm-none-eabi/lib/armv7-m\libc.a(lib_a-isattyr.o)
 .ARM.attributes
                0x00000c4e       0x2d c:/program files (x86)/atmel/studio/7.0/toolchain/arm/arm-gnu-toolchain/bin/../lib/gcc/arm-none-eabi/4.9.3/../../../../arm-none-eabi/lib/armv7-m\libc.a(lib_a-lseekr.o)
 .ARM.attributes
                0x00000c7b       0x2d c:/program files (x86)/atmel/studio/7.0/toolchain/arm/arm-gnu-toolchain/bin/../lib/gcc/arm-none-eabi/4.9.3/../../../../arm-none-eabi/lib/armv7-m\libc.a(lib_a-readr.o)
 .ARM.attributes
                0x00000ca8       0x2d c:/program files (x86)/atmel/studio/7.0/toolchain/arm/arm-gnu-toolchain/bin/../lib/gcc/arm-none-eabi/4.9.3/../../../../arm-none-eabi/lib/armv7-m\libc.a(lib_a-reent.o)
 .ARM.attributes
                0x00000cd5       0x1d c:/program files (x86)/atmel/studio/7.0/toolchain/arm/arm-gnu-toolchain/bin/../lib/gcc/arm-none-eabi/4.9.3/armv7-m\libgcc.a(_aeabi_uldivmod.o)
 .ARM.attributes
                0x00000cf2       0x2d c:/program files (x86)/atmel/studio/7.0/toolchain/arm/arm-gnu-toolchain/bin/../lib/gcc/arm-none-eabi/4.9.3/armv7-m\libgcc.a(bpabi.o)
 .ARM.attributes
                0x00000d1f       0x1d c:/program files (x86)/atmel/studio/7.0/toolchain/arm/arm-gnu-toolchain/bin/../lib/gcc/arm-none-eabi/4.9.3/armv7-m\libgcc.a(_dvmd_tls.o)
 .ARM.attributes
                0x00000d3c       0x2d c:/program files (x86)/atmel/studio/7.0/toolchain/arm/arm-gnu-toolchain/bin/../lib/gcc/arm-none-eabi/4.9.3/armv7-m\libgcc.a(_divdi3.o)
 .ARM.attributes
                0x00000d69       0x2d c:/program files (x86)/atmel/studio/7.0/toolchain/arm/arm-gnu-toolchain/bin/../lib/gcc/arm-none-eabi/4.9.3/armv7-m\libgcc.a(_udivdi3.o)
 .ARM.attributes
                0x00000d96       0x1d c:/program files (x86)/atmel/studio/7.0/toolchain/arm/arm-gnu-toolchain/bin/../lib/gcc/arm-none-eabi/4.9.3/armv7-m/crtn.o

.comment        0x00000000       0x5b
 .comment       0x00000000       0x5b src/Platform/Driver/CLOCK/D_CLOCK.o
                                 0x5c (size before relaxing)
 .comment       0x00000000       0x5c src/Platform/Driver/DD_CAN/D_CAN.o
 .comment       0x00000000       0x5c src/Platform/Driver/D_SYS/D_SYS.o
 .comment       0x00000000       0x5c src/Platform/Driver/GPIO/D_GPIO.o
 .comment       0x00000000       0x5c src/Platform/Driver/HANDLER/D_HANDLER.o
 .comment       0x00000000       0x5c src/Platform/Driver/INT/D_INT.o
 .comment       0x00000000       0x5c src/Platform/Driver/PWM/D_PWM.o
 .comment       0x00000000       0x5c src/Platform/Driver/TIMER/D_TIMER.o
 .comment       0x00000000       0x5c src/Platform/Service/CNTRL/S_CNTRL.o
 .comment       0x00000000       0x5c src/Platform/Service/SYS/S_SYS.o
 .comment       0x00000000       0x5c src/Platform/Service/TIMER/S_TIMER.o
 .comment       0x00000000       0x5c src/ASF/common/utils/stdio/read.o
 .comment       0x00000000       0x5c src/ASF/common/utils/stdio/write.o
 .comment       0x00000000       0x5c src/ASF/sam/drivers/tc/tc.o
 .comment       0x00000000       0x5c src/ASF/sam/drivers/uart/uart.o
 .comment       0x00000000       0x5c src/ASF/sam/drivers/usart/usart.o
 .comment       0x00000000       0x5c src/CPU3.o
 .comment       0x00000000       0x5c src/ASF/common/services/clock/sam3x/sysclk.o
 .comment       0x00000000       0x5c src/ASF/sam/boards/arduino_due_x/init.o
 .comment       0x00000000       0x5c src/ASF/sam/drivers/pio/pio.o
 .comment       0x00000000       0x5c src/ASF/sam/drivers/pio/pio_handler.o
 .comment       0x00000000       0x5c src/ASF/sam/drivers/pmc/pmc.o
 .comment       0x00000000       0x5c src/ASF/sam/utils/cmsis/sam3x/source/templates/exceptions.o
 .comment       0x00000000       0x5c src/ASF/sam/utils/cmsis/sam3x/source/templates/gcc/startup_sam3x.o
 .comment       0x00000000       0x5c src/ASF/sam/utils/cmsis/sam3x/source/templates/system_sam3x.o
 .comment       0x00000000       0x5c src/ASF/sam/utils/syscalls/gcc/syscalls.o

.debug_info     0x00000000    0x14b06
 .debug_info    0x00000000      0xcfa src/Platform/Driver/CLOCK/D_CLOCK.o
 .debug_info    0x00000cfa     0x1cbc src/Platform/Driver/DD_CAN/D_CAN.o
 .debug_info    0x000029b6     0x1578 src/Platform/Driver/D_SYS/D_SYS.o
 .debug_info    0x00003f2e      0xfb4 src/Platform/Driver/GPIO/D_GPIO.o
 .debug_info    0x00004ee2     0x154c src/Platform/Driver/HANDLER/D_HANDLER.o
 .debug_info    0x0000642e     0x10e9 src/Platform/Driver/INT/D_INT.o
 .debug_info    0x00007517      0xfbd src/Platform/Driver/PWM/D_PWM.o
 .debug_info    0x000084d4      0xf9f src/Platform/Driver/TIMER/D_TIMER.o
 .debug_info    0x00009473      0xb66 src/Platform/Service/CNTRL/S_CNTRL.o
 .debug_info    0x00009fd9      0xa5a src/Platform/Service/SYS/S_SYS.o
 .debug_info    0x0000aa33      0xac2 src/Platform/Service/TIMER/S_TIMER.o
 .debug_info    0x0000b4f5      0x1ae src/ASF/common/utils/stdio/read.o
 .debug_info    0x0000b6a3      0x1bc src/ASF/common/utils/stdio/write.o
 .debug_info    0x0000b85f      0x95b src/ASF/sam/drivers/tc/tc.o
 .debug_info    0x0000c1ba      0x839 src/ASF/sam/drivers/uart/uart.o
 .debug_info    0x0000c9f3     0x18a9 src/ASF/sam/drivers/usart/usart.o
 .debug_info    0x0000e29c     0x238d src/CPU3.o
 .debug_info    0x00010629      0x6bb src/ASF/common/services/clock/sam3x/sysclk.o
 .debug_info    0x00010ce4      0x5ed src/ASF/sam/boards/arduino_due_x/init.o
 .debug_info    0x000112d1      0xed3 src/ASF/sam/drivers/pio/pio.o
 .debug_info    0x000121a4      0xc7d src/ASF/sam/drivers/pio/pio_handler.o
 .debug_info    0x00012e21     0x1037 src/ASF/sam/drivers/pmc/pmc.o
 .debug_info    0x00013e58       0xba src/ASF/sam/utils/cmsis/sam3x/source/templates/exceptions.o
 .debug_info    0x00013f12      0x361 src/ASF/sam/utils/cmsis/sam3x/source/templates/gcc/startup_sam3x.o
 .debug_info    0x00014273      0x47a src/ASF/sam/utils/cmsis/sam3x/source/templates/system_sam3x.o
 .debug_info    0x000146ed      0x419 src/ASF/sam/utils/syscalls/gcc/syscalls.o

.debug_abbrev   0x00000000     0x2de8
 .debug_abbrev  0x00000000      0x1ba src/Platform/Driver/CLOCK/D_CLOCK.o
 .debug_abbrev  0x000001ba      0x3e3 src/Platform/Driver/DD_CAN/D_CAN.o
 .debug_abbrev  0x0000059d      0x251 src/Platform/Driver/D_SYS/D_SYS.o
 .debug_abbrev  0x000007ee      0x208 src/Platform/Driver/GPIO/D_GPIO.o
 .debug_abbrev  0x000009f6      0x22f src/Platform/Driver/HANDLER/D_HANDLER.o
 .debug_abbrev  0x00000c25      0x211 src/Platform/Driver/INT/D_INT.o
 .debug_abbrev  0x00000e36      0x1fd src/Platform/Driver/PWM/D_PWM.o
 .debug_abbrev  0x00001033      0x219 src/Platform/Driver/TIMER/D_TIMER.o
 .debug_abbrev  0x0000124c      0x1e5 src/Platform/Service/CNTRL/S_CNTRL.o
 .debug_abbrev  0x00001431      0x1a0 src/Platform/Service/SYS/S_SYS.o
 .debug_abbrev  0x000015d1      0x1b3 src/Platform/Service/TIMER/S_TIMER.o
 .debug_abbrev  0x00001784       0xdd src/ASF/common/utils/stdio/read.o
 .debug_abbrev  0x00001861       0xe6 src/ASF/common/utils/stdio/write.o
 .debug_abbrev  0x00001947      0x158 src/ASF/sam/drivers/tc/tc.o
 .debug_abbrev  0x00001a9f      0x169 src/ASF/sam/drivers/uart/uart.o
 .debug_abbrev  0x00001c08      0x1d6 src/ASF/sam/drivers/usart/usart.o
 .debug_abbrev  0x00001dde      0x3ac src/CPU3.o
 .debug_abbrev  0x0000218a      0x1db src/ASF/common/services/clock/sam3x/sysclk.o
 .debug_abbrev  0x00002365      0x143 src/ASF/sam/boards/arduino_due_x/init.o
 .debug_abbrev  0x000024a8      0x1a6 src/ASF/sam/drivers/pio/pio.o
 .debug_abbrev  0x0000264e      0x20f src/ASF/sam/drivers/pio/pio_handler.o
 .debug_abbrev  0x0000285d      0x20d src/ASF/sam/drivers/pmc/pmc.o
 .debug_abbrev  0x00002a6a       0x6c src/ASF/sam/utils/cmsis/sam3x/source/templates/exceptions.o
 .debug_abbrev  0x00002ad6      0x100 src/ASF/sam/utils/cmsis/sam3x/source/templates/gcc/startup_sam3x.o
 .debug_abbrev  0x00002bd6       0xf5 src/ASF/sam/utils/cmsis/sam3x/source/templates/system_sam3x.o
 .debug_abbrev  0x00002ccb      0x11d src/ASF/sam/utils/syscalls/gcc/syscalls.o

.debug_loc      0x00000000     0x745a
 .debug_loc     0x00000000       0x2c src/Platform/Driver/CLOCK/D_CLOCK.o
 .debug_loc     0x0000002c      0x4da src/Platform/Driver/DD_CAN/D_CAN.o
 .debug_loc     0x00000506      0x28c src/Platform/Driver/D_SYS/D_SYS.o
 .debug_loc     0x00000792      0x140 src/Platform/Driver/GPIO/D_GPIO.o
 .debug_loc     0x000008d2      0x164 src/Platform/Driver/HANDLER/D_HANDLER.o
 .debug_loc     0x00000a36      0x19c src/Platform/Driver/INT/D_INT.o
 .debug_loc     0x00000bd2       0xfc src/Platform/Driver/PWM/D_PWM.o
 .debug_loc     0x00000cce      0x20c src/Platform/Driver/TIMER/D_TIMER.o
 .debug_loc     0x00000eda      0x14c src/Platform/Service/CNTRL/S_CNTRL.o
 .debug_loc     0x00001026       0x2c src/Platform/Service/SYS/S_SYS.o
 .debug_loc     0x00001052       0xa0 src/Platform/Service/TIMER/S_TIMER.o
 .debug_loc     0x000010f2       0x50 src/ASF/common/utils/stdio/read.o
 .debug_loc     0x00001142       0x50 src/ASF/common/utils/stdio/write.o
 .debug_loc     0x00001192      0x844 src/ASF/sam/drivers/tc/tc.o
 .debug_loc     0x000019d6      0x8a0 src/ASF/sam/drivers/uart/uart.o
 .debug_loc     0x00002276     0x1e9c src/ASF/sam/drivers/usart/usart.o
 .debug_loc     0x00004112      0x560 src/CPU3.o
 .debug_loc     0x00004672      0x4a0 src/ASF/common/services/clock/sam3x/sysclk.o
 .debug_loc     0x00004b12       0xa8 src/ASF/sam/boards/arduino_due_x/init.o
 .debug_loc     0x00004bba      0xd6c src/ASF/sam/drivers/pio/pio.o
 .debug_loc     0x00005926      0x360 src/ASF/sam/drivers/pio/pio_handler.o
 .debug_loc     0x00005c86     0x138c src/ASF/sam/drivers/pmc/pmc.o
 .debug_loc     0x00007012       0x2c src/ASF/sam/utils/cmsis/sam3x/source/templates/exceptions.o
 .debug_loc     0x0000703e       0x38 src/ASF/sam/utils/cmsis/sam3x/source/templates/gcc/startup_sam3x.o
 .debug_loc     0x00007076       0xe4 src/ASF/sam/utils/cmsis/sam3x/source/templates/system_sam3x.o
 .debug_loc     0x0000715a      0x300 src/ASF/sam/utils/syscalls/gcc/syscalls.o

.debug_aranges  0x00000000      0xd80
 .debug_aranges
                0x00000000       0x20 src/Platform/Driver/CLOCK/D_CLOCK.o
 .debug_aranges
                0x00000020       0x88 src/Platform/Driver/DD_CAN/D_CAN.o
 .debug_aranges
                0x000000a8       0x58 src/Platform/Driver/D_SYS/D_SYS.o
 .debug_aranges
                0x00000100       0x38 src/Platform/Driver/GPIO/D_GPIO.o
 .debug_aranges
                0x00000138       0x50 src/Platform/Driver/HANDLER/D_HANDLER.o
 .debug_aranges
                0x00000188       0x40 src/Platform/Driver/INT/D_INT.o
 .debug_aranges
                0x000001c8       0x30 src/Platform/Driver/PWM/D_PWM.o
 .debug_aranges
                0x000001f8       0x50 src/Platform/Driver/TIMER/D_TIMER.o
 .debug_aranges
                0x00000248       0x38 src/Platform/Service/CNTRL/S_CNTRL.o
 .debug_aranges
                0x00000280       0x20 src/Platform/Service/SYS/S_SYS.o
 .debug_aranges
                0x000002a0       0x28 src/Platform/Service/TIMER/S_TIMER.o
 .debug_aranges
                0x000002c8       0x20 src/ASF/common/utils/stdio/read.o
 .debug_aranges
                0x000002e8       0x20 src/ASF/common/utils/stdio/write.o
 .debug_aranges
                0x00000308       0xd0 src/ASF/sam/drivers/tc/tc.o
 .debug_aranges
                0x000003d8       0xd8 src/ASF/sam/drivers/uart/uart.o
 .debug_aranges
                0x000004b0      0x2d0 src/ASF/sam/drivers/usart/usart.o
 .debug_aranges
                0x00000780       0xb0 src/CPU3.o
 .debug_aranges
                0x00000830       0x98 src/ASF/common/services/clock/sam3x/sysclk.o
 .debug_aranges
                0x000008c8       0x30 src/ASF/sam/boards/arduino_due_x/init.o
 .debug_aranges
                0x000008f8      0x148 src/ASF/sam/drivers/pio/pio.o
 .debug_aranges
                0x00000a40       0x78 src/ASF/sam/drivers/pio/pio_handler.o
 .debug_aranges
                0x00000ab8      0x1f8 src/ASF/sam/drivers/pmc/pmc.o
 .debug_aranges
                0x00000cb0       0x20 src/ASF/sam/utils/cmsis/sam3x/source/templates/exceptions.o
 .debug_aranges
                0x00000cd0       0x20 src/ASF/sam/utils/cmsis/sam3x/source/templates/gcc/startup_sam3x.o
 .debug_aranges
                0x00000cf0       0x30 src/ASF/sam/utils/cmsis/sam3x/source/templates/system_sam3x.o
 .debug_aranges
                0x00000d20       0x60 src/ASF/sam/utils/syscalls/gcc/syscalls.o

.debug_ranges   0x00000000      0xbe0
 .debug_ranges  0x00000000       0x10 src/Platform/Driver/CLOCK/D_CLOCK.o
 .debug_ranges  0x00000010       0x78 src/Platform/Driver/DD_CAN/D_CAN.o
 .debug_ranges  0x00000088       0x48 src/Platform/Driver/D_SYS/D_SYS.o
 .debug_ranges  0x000000d0       0x28 src/Platform/Driver/GPIO/D_GPIO.o
 .debug_ranges  0x000000f8       0x40 src/Platform/Driver/HANDLER/D_HANDLER.o
 .debug_ranges  0x00000138       0x30 src/Platform/Driver/INT/D_INT.o
 .debug_ranges  0x00000168       0x20 src/Platform/Driver/PWM/D_PWM.o
 .debug_ranges  0x00000188       0x40 src/Platform/Driver/TIMER/D_TIMER.o
 .debug_ranges  0x000001c8       0x28 src/Platform/Service/CNTRL/S_CNTRL.o
 .debug_ranges  0x000001f0       0x10 src/Platform/Service/SYS/S_SYS.o
 .debug_ranges  0x00000200       0x18 src/Platform/Service/TIMER/S_TIMER.o
 .debug_ranges  0x00000218       0x10 src/ASF/common/utils/stdio/read.o
 .debug_ranges  0x00000228       0x10 src/ASF/common/utils/stdio/write.o
 .debug_ranges  0x00000238       0xc0 src/ASF/sam/drivers/tc/tc.o
 .debug_ranges  0x000002f8       0xc8 src/ASF/sam/drivers/uart/uart.o
 .debug_ranges  0x000003c0      0x2c0 src/ASF/sam/drivers/usart/usart.o
 .debug_ranges  0x00000680       0xa0 src/CPU3.o
 .debug_ranges  0x00000720       0x88 src/ASF/common/services/clock/sam3x/sysclk.o
 .debug_ranges  0x000007a8       0x20 src/ASF/sam/boards/arduino_due_x/init.o
 .debug_ranges  0x000007c8      0x138 src/ASF/sam/drivers/pio/pio.o
 .debug_ranges  0x00000900       0x68 src/ASF/sam/drivers/pio/pio_handler.o
 .debug_ranges  0x00000968      0x1e8 src/ASF/sam/drivers/pmc/pmc.o
 .debug_ranges  0x00000b50       0x10 src/ASF/sam/utils/cmsis/sam3x/source/templates/exceptions.o
 .debug_ranges  0x00000b60       0x10 src/ASF/sam/utils/cmsis/sam3x/source/templates/gcc/startup_sam3x.o
 .debug_ranges  0x00000b70       0x20 src/ASF/sam/utils/cmsis/sam3x/source/templates/system_sam3x.o
 .debug_ranges  0x00000b90       0x50 src/ASF/sam/utils/syscalls/gcc/syscalls.o

.debug_macro    0x00000000     0x9464
 .debug_macro   0x00000000      0x630 src/Platform/Driver/CLOCK/D_CLOCK.o
 .debug_macro   0x00000630      0x683 src/Platform/Driver/DD_CAN/D_CAN.o
 .debug_macro   0x00000cb3       0x94 src/Platform/Driver/DD_CAN/D_CAN.o
 .debug_macro   0x00000d47      0x6ab src/Platform/Driver/D_SYS/D_SYS.o
 .debug_macro   0x000013f2       0x4c src/Platform/Driver/D_SYS/D_SYS.o
 .debug_macro   0x0000143e       0x9a src/Platform/Driver/D_SYS/D_SYS.o
 .debug_macro   0x000014d8      0x635 src/Platform/Driver/GPIO/D_GPIO.o
 .debug_macro   0x00001b0d       0x46 src/Platform/Driver/GPIO/D_GPIO.o
 .debug_macro   0x00001b53      0x651 src/Platform/Driver/HANDLER/D_HANDLER.o
 .debug_macro   0x000021a4      0x636 src/Platform/Driver/INT/D_INT.o
 .debug_macro   0x000027da      0x630 src/Platform/Driver/PWM/D_PWM.o
 .debug_macro   0x00002e0a      0x630 src/Platform/Driver/TIMER/D_TIMER.o
 .debug_macro   0x0000343a      0x6b7 src/Platform/Service/CNTRL/S_CNTRL.o
 .debug_macro   0x00003af1      0x6c2 src/Platform/Service/SYS/S_SYS.o
 .debug_macro   0x000041b3      0x6b7 src/Platform/Service/TIMER/S_TIMER.o
 .debug_macro   0x0000486a      0x4d8 src/ASF/common/utils/stdio/read.o
 .debug_macro   0x00004d42      0x4d8 src/ASF/common/utils/stdio/write.o
 .debug_macro   0x0000521a      0x4f3 src/ASF/sam/drivers/tc/tc.o
 .debug_macro   0x0000570d       0x16 src/ASF/sam/drivers/tc/tc.o
 .debug_macro   0x00005723       0x4a src/ASF/sam/drivers/tc/tc.o
 .debug_macro   0x0000576d       0x1c src/ASF/sam/drivers/tc/tc.o
 .debug_macro   0x00005789      0x4f4 src/ASF/sam/drivers/uart/uart.o
 .debug_macro   0x00005c7d      0x523 src/ASF/sam/drivers/usart/usart.o
 .debug_macro   0x000061a0       0x28 src/ASF/sam/drivers/usart/usart.o
 .debug_macro   0x000061c8      0x6f0 src/CPU3.o
 .debug_macro   0x000068b8       0x16 src/CPU3.o
 .debug_macro   0x000068ce      0x558 src/ASF/common/services/clock/sam3x/sysclk.o
 .debug_macro   0x00006e26      0x1dd src/ASF/common/services/clock/sam3x/sysclk.o
 .debug_macro   0x00007003      0x597 src/ASF/sam/boards/arduino_due_x/init.o
 .debug_macro   0x0000759a      0x4f4 src/ASF/sam/drivers/pio/pio.o
 .debug_macro   0x00007a8e       0x8e src/ASF/sam/drivers/pio/pio.o
 .debug_macro   0x00007b1c      0x501 src/ASF/sam/drivers/pio/pio_handler.o
 .debug_macro   0x0000801d      0x4ed src/ASF/sam/drivers/pmc/pmc.o
 .debug_macro   0x0000850a       0x52 src/ASF/sam/drivers/pmc/pmc.o
 .debug_macro   0x0000855c      0x34c src/ASF/sam/utils/cmsis/sam3x/source/templates/exceptions.o
 .debug_macro   0x000088a8      0x35a src/ASF/sam/utils/cmsis/sam3x/source/templates/gcc/startup_sam3x.o
 .debug_macro   0x00008c02      0x35e src/ASF/sam/utils/cmsis/sam3x/source/templates/system_sam3x.o
 .debug_macro   0x00008f60       0x26 src/ASF/sam/utils/cmsis/sam3x/source/templates/system_sam3x.o
 .debug_macro   0x00008f86      0x169 src/ASF/sam/utils/syscalls/gcc/syscalls.o
 .debug_macro   0x000090ef       0x97 src/ASF/sam/utils/syscalls/gcc/syscalls.o
 .debug_macro   0x00009186       0xef src/ASF/sam/utils/syscalls/gcc/syscalls.o
 .debug_macro   0x00009275       0x52 src/ASF/sam/utils/syscalls/gcc/syscalls.o
 .debug_macro   0x000092c7       0x16 src/ASF/sam/utils/syscalls/gcc/syscalls.o
 .debug_macro   0x000092dd       0x10 src/ASF/sam/utils/syscalls/gcc/syscalls.o
 .debug_macro   0x000092ed       0x10 src/ASF/sam/utils/syscalls/gcc/syscalls.o
 .debug_macro   0x000092fd       0x10 src/ASF/sam/utils/syscalls/gcc/syscalls.o
 .debug_macro   0x0000930d       0x35 src/ASF/sam/utils/syscalls/gcc/syscalls.o
 .debug_macro   0x00009342      0x122 src/ASF/sam/utils/syscalls/gcc/syscalls.o

.debug_line     0x00000000    0x16685
 .debug_line    0x00000000      0xeaa src/Platform/Driver/CLOCK/D_CLOCK.o
 .debug_line    0x00000eaa     0x10ab src/Platform/Driver/DD_CAN/D_CAN.o
 .debug_line    0x00001f55     0x115b src/Platform/Driver/D_SYS/D_SYS.o
 .debug_line    0x000030b0      0xf1c src/Platform/Driver/GPIO/D_GPIO.o
 .debug_line    0x00003fcc      0xfbd src/Platform/Driver/HANDLER/D_HANDLER.o
 .debug_line    0x00004f89      0xf0a src/Platform/Driver/INT/D_INT.o
 .debug_line    0x00005e93      0xecd src/Platform/Driver/PWM/D_PWM.o
 .debug_line    0x00006d60      0xf42 src/Platform/Driver/TIMER/D_TIMER.o
 .debug_line    0x00007ca2     0x10c3 src/Platform/Service/CNTRL/S_CNTRL.o
 .debug_line    0x00008d65     0x10b8 src/Platform/Service/SYS/S_SYS.o
 .debug_line    0x00009e1d     0x10a0 src/Platform/Service/TIMER/S_TIMER.o
 .debug_line    0x0000aebd      0xac7 src/ASF/common/utils/stdio/read.o
 .debug_line    0x0000b984      0xac4 src/ASF/common/utils/stdio/write.o
 .debug_line    0x0000c448      0xc6b src/ASF/sam/drivers/tc/tc.o
 .debug_line    0x0000d0b3      0xc68 src/ASF/sam/drivers/uart/uart.o
 .debug_line    0x0000dd1b     0x11ff src/ASF/sam/drivers/usart/usart.o
 .debug_line    0x0000ef1a     0x1471 src/CPU3.o
 .debug_line    0x0001038b      0xd44 src/ASF/common/services/clock/sam3x/sysclk.o
 .debug_line    0x000110cf      0xcf4 src/ASF/sam/boards/arduino_due_x/init.o
 .debug_line    0x00011dc3      0xdd7 src/ASF/sam/drivers/pio/pio.o
 .debug_line    0x00012b9a      0xbd2 src/ASF/sam/drivers/pio/pio_handler.o
 .debug_line    0x0001376c     0x1075 src/ASF/sam/drivers/pmc/pmc.o
 .debug_line    0x000147e1      0x8b4 src/ASF/sam/utils/cmsis/sam3x/source/templates/exceptions.o
 .debug_line    0x00015095      0x907 src/ASF/sam/utils/cmsis/sam3x/source/templates/gcc/startup_sam3x.o
 .debug_line    0x0001599c      0x94a src/ASF/sam/utils/cmsis/sam3x/source/templates/system_sam3x.o
 .debug_line    0x000162e6      0x39f src/ASF/sam/utils/syscalls/gcc/syscalls.o

.debug_str      0x00000000    0x61bc5
 .debug_str     0x00000000    0x5cf3e src/Platform/Driver/CLOCK/D_CLOCK.o
                              0x5d2cf (size before relaxing)
 .debug_str     0x0005cf3e      0xed5 src/Platform/Driver/DD_CAN/D_CAN.o
                              0x5e0f9 (size before relaxing)
 .debug_str     0x0005de13      0x707 src/Platform/Driver/D_SYS/D_SYS.o
                              0x5dd70 (size before relaxing)
 .debug_str     0x0005e51a       0x6d src/Platform/Driver/GPIO/D_GPIO.o
                              0x5d5ef (size before relaxing)
 .debug_str     0x0005e587      0x1a5 src/Platform/Driver/HANDLER/D_HANDLER.o
                              0x5d868 (size before relaxing)
 .debug_str     0x0005e72c      0x175 src/Platform/Driver/INT/D_INT.o
                              0x5d5a5 (size before relaxing)
 .debug_str     0x0005e8a1       0xaa src/Platform/Driver/PWM/D_PWM.o
                              0x5d447 (size before relaxing)
 .debug_str     0x0005e94b       0x88 src/Platform/Driver/TIMER/D_TIMER.o
                              0x5d4ed (size before relaxing)
 .debug_str     0x0005e9d3       0xb9 src/Platform/Service/CNTRL/S_CNTRL.o
                              0x5d6aa (size before relaxing)
 .debug_str     0x0005ea8c       0x4d src/Platform/Service/SYS/S_SYS.o
                              0x5d5c2 (size before relaxing)
 .debug_str     0x0005ead9       0x4d src/Platform/Service/TIMER/S_TIMER.o
                              0x5d5f3 (size before relaxing)
 .debug_str     0x0005eb26       0x2c src/ASF/common/utils/stdio/read.o
                              0x58918 (size before relaxing)
 .debug_str     0x0005eb52       0x26 src/ASF/common/utils/stdio/write.o
                              0x5891a (size before relaxing)
 .debug_str     0x0005eb78      0x322 src/ASF/sam/drivers/tc/tc.o
                              0x58cc0 (size before relaxing)
 .debug_str     0x0005ee9a      0x2bd src/ASF/sam/drivers/uart/uart.o
                              0x58ca0 (size before relaxing)
 .debug_str     0x0005f157      0xaff src/ASF/sam/drivers/usart/usart.o
                              0x59579 (size before relaxing)
 .debug_str     0x0005fc56      0x70f src/CPU3.o
                              0x5e751 (size before relaxing)
 .debug_str     0x00060365      0x160 src/ASF/common/services/clock/sam3x/sysclk.o
                              0x5c5ac (size before relaxing)
 .debug_str     0x000604c5       0x5c src/ASF/sam/boards/arduino_due_x/init.o
                              0x5cd66 (size before relaxing)
 .debug_str     0x00060521      0x406 src/ASF/sam/drivers/pio/pio.o
                              0x592bc (size before relaxing)
 .debug_str     0x00060927      0x12d src/ASF/sam/drivers/pio/pio_handler.o
                              0x59308 (size before relaxing)
 .debug_str     0x00060a54      0x674 src/ASF/sam/drivers/pmc/pmc.o
                              0x592ff (size before relaxing)
 .debug_str     0x000610c8       0x4d src/ASF/sam/utils/cmsis/sam3x/source/templates/exceptions.o
                              0x4c5ed (size before relaxing)
 .debug_str     0x00061115       0xb2 src/ASF/sam/utils/cmsis/sam3x/source/templates/gcc/startup_sam3x.o
                              0x4c6d6 (size before relaxing)
 .debug_str     0x000611c7      0x1cd src/ASF/sam/utils/cmsis/sam3x/source/templates/system_sam3x.o
                              0x4c8e9 (size before relaxing)
 .debug_str     0x00061394      0x831 src/ASF/sam/utils/syscalls/gcc/syscalls.o
                               0x60c4 (size before relaxing)

.debug_frame    0x00000000     0x42c4
 .debug_frame   0x00000000       0x2c src/Platform/Driver/CLOCK/D_CLOCK.o
 .debug_frame   0x0000002c      0x230 src/Platform/Driver/DD_CAN/D_CAN.o
 .debug_frame   0x0000025c      0x138 src/Platform/Driver/D_SYS/D_SYS.o
 .debug_frame   0x00000394       0xa4 src/Platform/Driver/GPIO/D_GPIO.o
 .debug_frame   0x00000438       0xe0 src/Platform/Driver/HANDLER/D_HANDLER.o
 .debug_frame   0x00000518       0xcc src/Platform/Driver/INT/D_INT.o
 .debug_frame   0x000005e4       0x80 src/Platform/Driver/PWM/D_PWM.o
 .debug_frame   0x00000664      0x104 src/Platform/Driver/TIMER/D_TIMER.o
 .debug_frame   0x00000768       0xa4 src/Platform/Service/CNTRL/S_CNTRL.o
 .debug_frame   0x0000080c       0x2c src/Platform/Service/SYS/S_SYS.o
 .debug_frame   0x00000838       0x58 src/Platform/Service/TIMER/S_TIMER.o
 .debug_frame   0x00000890       0x34 src/ASF/common/utils/stdio/read.o
 .debug_frame   0x000008c4       0x34 src/ASF/common/utils/stdio/write.o